Component: ARM Compiler 5.06 update 6 (build 750) Tool: armlink [4d35ed]

==============================================================================

Section Cross References

    startup_stm32g431xx.o(RESET) refers to startup_stm32g431xx.o(STACK) for __initial_sp
    startup_stm32g431xx.o(RESET) refers to startup_stm32g431xx.o(.text) for Reset_Handler
    startup_stm32g431xx.o(RESET) refers to stm32g4xx_it.o(i.NMI_Handler) for NMI_Handler
    startup_stm32g431xx.o(RESET) refers to stm32g4xx_it.o(i.HardFault_Handler) for HardFault_Handler
    startup_stm32g431xx.o(RESET) refers to stm32g4xx_it.o(i.MemManage_Handler) for MemManage_Handler
    startup_stm32g431xx.o(RESET) refers to stm32g4xx_it.o(i.BusFault_Handler) for BusFault_Handler
    startup_stm32g431xx.o(RESET) refers to stm32g4xx_it.o(i.UsageFault_Handler) for UsageFault_Handler
    startup_stm32g431xx.o(RESET) refers to stm32g4xx_it.o(i.SVC_Handler) for SVC_Handler
    startup_stm32g431xx.o(RESET) refers to stm32g4xx_it.o(i.DebugMon_Handler) for DebugMon_Handler
    startup_stm32g431xx.o(RESET) refers to stm32g4xx_it.o(i.PendSV_Handler) for PendSV_Handler
    startup_stm32g431xx.o(RESET) refers to stm32g4xx_it.o(i.SysTick_Handler) for SysTick_Handler
    startup_stm32g431xx.o(RESET) refers to stm32g4xx_it.o(i.DMA1_Channel1_IRQHandler) for DMA1_Channel1_IRQHandler
    startup_stm32g431xx.o(RESET) refers to stm32g4xx_it.o(i.DMA1_Channel2_IRQHandler) for DMA1_Channel2_IRQHandler
    startup_stm32g431xx.o(RESET) refers to stm32g4xx_it.o(i.ADC1_2_IRQHandler) for ADC1_2_IRQHandler
    startup_stm32g431xx.o(RESET) refers to stm32g4xx_it.o(i.TIM1_UP_TIM16_IRQHandler) for TIM1_UP_TIM16_IRQHandler
    startup_stm32g431xx.o(RESET) refers to stm32g4xx_it.o(i.TIM2_IRQHandler) for TIM2_IRQHandler
    startup_stm32g431xx.o(RESET) refers to stm32g4xx_it.o(i.USART1_IRQHandler) for USART1_IRQHandler
    startup_stm32g431xx.o(.text) refers to system_stm32g4xx.o(i.SystemInit) for SystemInit
    startup_stm32g431xx.o(.text) refers to entry.o(.ARM.Collect$$$$00000000) for __main
    main.o(i.MX_ADC2_Init) refers to memseta.o(.text) for __aeabi_memclr4
    main.o(i.MX_ADC2_Init) refers to stm32g4xx_hal_adc.o(i.HAL_ADC_Init) for HAL_ADC_Init
    main.o(i.MX_ADC2_Init) refers to stm32g4xx_hal_adc.o(i.HAL_ADC_ConfigChannel) for HAL_ADC_ConfigChannel
    main.o(i.MX_ADC2_Init) refers to stm32g4xx_hal_adc_ex.o(i.HAL_ADCEx_InjectedConfigChannel) for HAL_ADCEx_InjectedConfigChannel
    main.o(i.MX_ADC2_Init) refers to main.o(.bss) for .bss
    main.o(i.MX_GPIO_Init) refers to memseta.o(.text) for __aeabi_memclr4
    main.o(i.MX_GPIO_Init) refers to stm32g4xx_hal_gpio.o(i.HAL_GPIO_WritePin) for HAL_GPIO_WritePin
    main.o(i.MX_GPIO_Init) refers to stm32g4xx_hal_gpio.o(i.HAL_GPIO_Init) for HAL_GPIO_Init
    main.o(i.MX_SPI3_Init) refers to stm32g4xx_hal_spi.o(i.HAL_SPI_Init) for HAL_SPI_Init
    main.o(i.MX_SPI3_Init) refers to main.o(.bss) for .bss
    main.o(i.MX_TIM1_Init) refers to memseta.o(.text) for __aeabi_memclr4
    main.o(i.MX_TIM1_Init) refers to stm32g4xx_hal_tim.o(i.HAL_TIM_Base_Init) for HAL_TIM_Base_Init
    main.o(i.MX_TIM1_Init) refers to stm32g4xx_hal_tim.o(i.HAL_TIM_ConfigClockSource) for HAL_TIM_ConfigClockSource
    main.o(i.MX_TIM1_Init) refers to stm32g4xx_hal_tim.o(i.HAL_TIM_PWM_Init) for HAL_TIM_PWM_Init
    main.o(i.MX_TIM1_Init) refers to stm32g4xx_hal_tim_ex.o(i.HAL_TIMEx_MasterConfigSynchronization) for HAL_TIMEx_MasterConfigSynchronization
    main.o(i.MX_TIM1_Init) refers to stm32g4xx_hal_tim.o(i.HAL_TIM_PWM_ConfigChannel) for HAL_TIM_PWM_ConfigChannel
    main.o(i.MX_TIM1_Init) refers to stm32g4xx_hal_tim_ex.o(i.HAL_TIMEx_ConfigBreakDeadTime) for HAL_TIMEx_ConfigBreakDeadTime
    main.o(i.MX_TIM1_Init) refers to stm32g4xx_hal_msp.o(i.HAL_TIM_MspPostInit) for HAL_TIM_MspPostInit
    main.o(i.MX_TIM1_Init) refers to main.o(.bss) for .bss
    main.o(i.MX_TIM2_Init) refers to stm32g4xx_hal_tim.o(i.HAL_TIM_Base_Init) for HAL_TIM_Base_Init
    main.o(i.MX_TIM2_Init) refers to stm32g4xx_hal_tim.o(i.HAL_TIM_ConfigClockSource) for HAL_TIM_ConfigClockSource
    main.o(i.MX_TIM2_Init) refers to stm32g4xx_hal_tim_ex.o(i.HAL_TIMEx_MasterConfigSynchronization) for HAL_TIMEx_MasterConfigSynchronization
    main.o(i.MX_TIM2_Init) refers to main.o(.bss) for .bss
    main.o(i.MX_TIM3_Init) refers to memseta.o(.text) for __aeabi_memclr4
    main.o(i.MX_TIM3_Init) refers to stm32g4xx_hal_tim.o(i.HAL_TIM_Encoder_Init) for HAL_TIM_Encoder_Init
    main.o(i.MX_TIM3_Init) refers to stm32g4xx_hal_tim_ex.o(i.HAL_TIMEx_MasterConfigSynchronization) for HAL_TIMEx_MasterConfigSynchronization
    main.o(i.MX_TIM3_Init) refers to main.o(.bss) for .bss
    main.o(i.MX_USART1_UART_Init) refers to stm32g4xx_hal_uart.o(i.HAL_UART_Init) for HAL_UART_Init
    main.o(i.MX_USART1_UART_Init) refers to stm32g4xx_hal_uart_ex.o(i.HAL_UARTEx_SetTxFifoThreshold) for HAL_UARTEx_SetTxFifoThreshold
[...]
    i.HAL_TIM_Base_Init                      0x0800315a   Section        0  stm32g4xx_hal_tim.o(i.HAL_TIM_Base_Init)
    i.HAL_TIM_Base_MspInit                   0x080031bc   Section        0  stm32g4xx_hal_msp.o(i.HAL_TIM_Base_MspInit)
    i.HAL_TIM_Base_Start_IT                  0x0800321c   Section        0  stm32g4xx_hal_tim.o(i.HAL_TIM_Base_Start_IT)
    i.HAL_TIM_ConfigClockSource              0x08003294   Section        0  stm32g4xx_hal_tim.o(i.HAL_TIM_ConfigClockSource)
    i.HAL_TIM_Encoder_Init                   0x08003394   Section        0  stm32g4xx_hal_tim.o(i.HAL_TIM_Encoder_Init)
    i.HAL_TIM_Encoder_MspInit                0x0800343c   Section        0  stm32g4xx_hal_msp.o(i.HAL_TIM_Encoder_MspInit)
    i.HAL_TIM_Encoder_Start                  0x080034a0   Section        0  stm32g4xx_hal_tim.o(i.HAL_TIM_Encoder_Start)
    i.HAL_TIM_IC_CaptureCallback             0x08003532   Section        0  stm32g4xx_hal_tim.o(i.HAL_TIM_IC_CaptureCallback)
    i.HAL_TIM_IRQHandler                     0x08003534   Section        0  stm32g4xx_hal_tim.o(i.HAL_TIM_IRQHandler)
    i.HAL_TIM_MspPostInit                    0x080036d8   Section        0  stm32g4xx_hal_msp.o(i.HAL_TIM_MspPostInit)
    i.HAL_TIM_OC_DelayElapsedCallback        0x0800372c   Section        0  stm32g4xx_hal_tim.o(i.HAL_TIM_OC_DelayElapsedCallback)
    i.HAL_TIM_PWM_ConfigChannel              0x0800372e   Section        0  stm32g4xx_hal_tim.o(i.HAL_TIM_PWM_ConfigChannel)
    i.HAL_TIM_PWM_Init                       0x08003852   Section        0  stm32g4xx_hal_tim.o(i.HAL_TIM_PWM_Init)
    i.HAL_TIM_PWM_MspInit                    0x080038b4   Section        0  stm32g4xx_hal_tim.o(i.HAL_TIM_PWM_MspInit)
    i.HAL_TIM_PWM_PulseFinishedCallback      0x080038b6   Section        0  stm32g4xx_hal_tim.o(i.HAL_TIM_PWM_PulseFinishedCallback)
    i.HAL_TIM_PWM_Start                      0x080038b8   Section        0  stm32g4xx_hal_tim.o(i.HAL_TIM_PWM_Start)
    i.HAL_TIM_PeriodElapsedCallback          0x080039c0   Section        0  global_control.o(i.HAL_TIM_PeriodElapsedCallback)
    i.HAL_TIM_TriggerCallback                0x08003a2c   Section        0  stm32g4xx_hal_tim.o(i.HAL_TIM_TriggerCallback)
    i.HAL_UARTEx_DisableFifoMode             0x08003a2e   Section        0  stm32g4xx_hal_uart_ex.o(i.HAL_UARTEx_DisableFifoMode)
    i.HAL_UARTEx_RxEventCallback             0x08003a6c   Section        0  stm32g4xx_hal_uart.o(i.HAL_UARTEx_RxEventCallback)
    i.HAL_UARTEx_RxFifoFullCallback          0x08003a6e   Section        0  stm32g4xx_hal_uart_ex.o(i.HAL_UARTEx_RxFifoFullCallback)
    i.HAL_UARTEx_SetRxFifoThreshold          0x08003a70   Section        0  stm32g4xx_hal_uart_ex.o(i.HAL_UARTEx_SetRxFifoThreshold)
    i.HAL_UARTEx_SetTxFifoThreshold          0x08003abc   Section        0  stm32g4xx_hal_uart_ex.o(i.HAL_UARTEx_SetTxFifoThreshold)
    i.HAL_UARTEx_TxFifoEmptyCallback         0x08003b08   Section        0  stm32g4xx_hal_uart_ex.o(i.HAL_UARTEx_TxFifoEmptyCallback)
    i.HAL_UARTEx_WakeupCallback              0x08003b0a   Section        0  stm32g4xx_hal_uart_ex.o(i.HAL_UARTEx_WakeupCallback)
    i.HAL_UART_ErrorCallback                 0x08003b0c   Section        0  stm32g4xx_hal_uart.o(i.HAL_UART_ErrorCallback)
    i.HAL_UART_IRQHandler                    0x08003b10   Section        0  stm32g4xx_hal_uart.o(i.HAL_UART_IRQHandler)
    i.HAL_UART_Init                          0x08003e2c   Section        0  stm32g4xx_hal_uart.o(i.HAL_UART_Init)
    i.HAL_UART_MspInit                       0x08003e98   Section        0  stm32g4xx_hal_msp.o(i.HAL_UART_MspInit)
    i.HAL_UART_Transmit_DMA                  0x08003f58   Section        0  stm32g4xx_hal_uart.o(i.HAL_UART_Transmit_DMA)
    i.HAL_UART_TxCpltCallback                0x08003fe8   Section        0  stm32g4xx_hal_uart.o(i.HAL_UART_TxCpltCallback)
    i.HAL_UART_TxHalfCpltCallback            0x08003fea   Section        0  stm32g4xx_hal_uart.o(i.HAL_UART_TxHalfCpltCallback)
    i.HFI_Calculate                          0x08003fec   Section        0  observer_drv.o(i.HFI_Calculate)
    i.HardFault_Handler                      0x08004188   Section        0  stm32g4xx_it.o(i.HardFault_Handler)
    i.IPack_Transform                        0x0800418a   Section        0  foc_drv.o(i.IPack_Transform)
    i.Key_Process                            0x080041b4   Section        0  key_drv.o(i.Key_Process)
    i.Key_Scan                               0x08004244   Section        0  key_drv.o(i.Key_Scan)
    i.Key_Task                               0x08004274   Section        0  key_task.o(i.Key_Task)
    i.LCD_Address_Set                        0x080042a0   Section        0  lcd_drv.o(i.LCD_Address_Set)
    i.LCD_Clear                              0x080042de   Section        0  lcd_mid.o(i.LCD_Clear)
    i.LCD_Display_Logo                       0x080042f0   Section        0  lcd_mid.o(i.LCD_Display_Logo)
    i.LCD_Display_Page1                      0x08004310   Section        0  lcd_mid.o(i.LCD_Display_Page1)
    i.LCD_Display_Page2                      0x080047c0   Section        0  lcd_mid.o(i.LCD_Display_Page2)
    i.LCD_DrawLine                           0x08004928   Section        0  lcd_drv.o(i.LCD_DrawLine)
    i.LCD_DrawPoint                          0x080049c0   Section        0  lcd_drv.o(i.LCD_DrawPoint)
    i.LCD_Fill                               0x080049d6   Section        0  lcd_drv.o(i.LCD_Fill)
    i.LCD_Init                               0x08004a14   Section        0  lcd_drv.o(i.LCD_Init)
    i.LCD_ShowChar                           0x08004c1c   Section        0  lcd_drv.o(i.LCD_ShowChar)
    i.LCD_ShowChinese                        0x08004d2c   Section        0  lcd_drv.o(i.LCD_ShowChinese)
    i.LCD_ShowChinese12x12                   0x08004db4   Section        0  lcd_drv.o(i.LCD_ShowChinese12x12)
    i.LCD_ShowChinese16x16                   0x08004ea8   Section        0  lcd_drv.o(i.LCD_ShowChinese16x16)
    i.LCD_ShowChinese24x24                   0x08004f98   Section        0  lcd_drv.o(i.LCD_ShowChinese24x24)
    i.LCD_ShowChinese32x32                   0x0800508c   Section        0  lcd_drv.o(i.LCD_ShowChinese32x32)
    i.LCD_ShowFloatNum1                      0x0800517c   Section        0  lcd_drv.o(i.LCD_ShowFloatNum1)
    i.LCD_ShowIntNum                         0x0800521c   Section        0  lcd_drv.o(i.LCD_ShowIntNum)
    i.LCD_ShowString                         0x0800529a   Section        0  lcd_drv.o(i.LCD_ShowString)
    i.LCD_WR_DATA                            0x080052d4   Section        0  lcd_drv.o(i.LCD_WR_DATA)
    i.LCD_WR_REG                             0x080052e8   Section        0  lcd_drv.o(i.LCD_WR_REG)
    i.LCD_Writ_Bus                           0x08005310   Section        0  lcd_drv.o(i.LCD_Writ_Bus)
    i.LL_ADC_GetOffsetChannel                0x08005340   Section        0  stm32g4xx_hal_adc.o(i.LL_ADC_GetOffsetChannel)
    LL_ADC_GetOffsetChannel                  0x08005341   Thumb Code    12  stm32g4xx_hal_adc.o(i.LL_ADC_GetOffsetChannel)
    i.LL_ADC_GetOffsetChannel                0x0800534c   Section        0  stm32g4xx_hal_adc_ex.o(i.LL_ADC_GetOffsetChannel)
    LL_ADC_GetOffsetChannel                  0x0800534d   Thumb Code    12  stm32g4xx_hal_adc_ex.o(i.LL_ADC_GetOffsetChannel)
    i.LL_ADC_INJ_IsConversionOngoing         0x08005358   Section        0  stm32g4xx_hal_adc.o(i.LL_ADC_INJ_IsConversionOngoing)
    LL_ADC_INJ_IsConversionOngoing           0x08005359   Thumb Code     8  stm32g4xx_hal_adc.o(i.LL_ADC_INJ_IsConversionOngoing)
    i.LL_ADC_INJ_IsConversionOngoing         0x08005360   Section        0  stm32g4xx_hal_adc_ex.o(i.LL_ADC_INJ_IsConversionOngoing)
    LL_ADC_INJ_IsConversionOngoing           0x08005361   Thumb Code     8  stm32g4xx_hal_adc_ex.o(i.LL_ADC_INJ_IsConversionOngoing)
    i.LL_ADC_IsEnabled                       0x08005368   Section        0  stm32g4xx_hal_adc.o(i.LL_ADC_IsEnabled)
    LL_ADC_IsEnabled                         0x08005369   Thumb Code     8  stm32g4xx_hal_adc.o(i.LL_ADC_IsEnabled)
    i.LL_ADC_IsEnabled                       0x08005370   Section        0  stm32g4xx_hal_adc_ex.o(i.LL_ADC_IsEnabled)
    LL_ADC_IsEnabled                         0x08005371   Thumb Code     8  stm32g4xx_hal_adc_ex.o(i.LL_ADC_IsEnabled)
    i.LL_ADC_REG_IsConversionOngoing         0x08005378   Section        0  stm32g4xx_hal_adc.o(i.LL_ADC_REG_IsConversionOngoing)
    LL_ADC_REG_IsConversionOngoing           0x08005379   Thumb Code     8  stm32g4xx_hal_adc.o(i.LL_ADC_REG_IsConversionOngoing)
    i.LL_ADC_REG_IsConversionOngoing         0x08005380   Section        0  stm32g4xx_hal_adc_ex.o(i.LL_ADC_REG_IsConversionOngoing)
    LL_ADC_REG_IsConversionOngoing           0x08005381   Thumb Code     8  stm32g4xx_hal_adc_ex.o(i.LL_ADC_REG_IsConversionOngoing)
    i.LL_ADC_REG_IsTriggerSourceSWStart      0x08005388   Section        0  stm32g4xx_hal_adc.o(i.LL_ADC_REG_IsTriggerSourceSWStart)
    LL_ADC_REG_IsTriggerSourceSWStart        0x08005389   Thumb Code    16  stm32g4xx_hal_adc.o(i.LL_ADC_REG_IsTriggerSourceSWStart)
    i.LL_ADC_SetChannelSamplingTime          0x08005398   Section        0  stm32g4xx_hal_adc.o(i.LL_ADC_SetChannelSamplingTime)
    LL_ADC_SetChannelSamplingTime            0x08005399   Thumb Code    30  stm32g4xx_hal_adc.o(i.LL_ADC_SetChannelSamplingTime)
    i.LL_ADC_SetChannelSamplingTime          0x080053b6   Section        0  stm32g4xx_hal_adc_ex.o(i.LL_ADC_SetChannelSamplingTime)
    LL_ADC_SetChannelSamplingTime            0x080053b7   Thumb Code    30  stm32g4xx_hal_adc_ex.o(i.LL_ADC_SetChannelSamplingTime)
    i.LL_ADC_SetOffsetState                  0x080053d4   Section        0  stm32g4xx_hal_adc.o(i.LL_ADC_SetOffsetState)
    LL_ADC_SetOffsetState                    0x080053d5   Thumb Code    16  stm32g4xx_hal_adc.o(i.LL_ADC_SetOffsetState)
    i.LL_ADC_SetOffsetState                  0x080053e4   Section        0  stm32g4xx_hal_adc_ex.o(i.LL_ADC_SetOffsetState)
    LL_ADC_SetOffsetState                    0x080053e5   Thumb Code    16  stm32g4xx_hal_adc_ex.o(i.LL_ADC_SetOffsetState)
    i.Lcd_Task                               0x080053f4   Section        0  lcd_task.o(i.Lcd_Task)
    i.Led_Task                               0x0800550c   Section        0  led_task.o(i.Led_Task)
    i.MX_ADC2_Init                           0x08005544   Section        0  main.o(i.MX_ADC2_Init)
    MX_ADC2_Init                             0x08005545   Thumb Code   246  main.o(i.MX_ADC2_Init)
    i.MX_GPIO_Init                           0x08005658   Section        0  main.o(i.MX_GPIO_Init)
    MX_GPIO_Init                             0x08005659   Thumb Code   302  main.o(i.MX_GPIO_Init)
    i.MX_SPI3_Init                           0x08005798   Section        0  main.o(i.MX_SPI3_Init)
    MX_SPI3_Init                             0x08005799   Thumb Code    70  main.o(i.MX_SPI3_Init)
    i.MX_TIM1_Init                           0x080057e8   Section        0  main.o(i.MX_TIM1_Init)
    MX_TIM1_Init                             0x080057e9   Thumb Code   262  main.o(i.MX_TIM1_Init)
    i.MX_TIM2_Init                           0x080058f8   Section        0  main.o(i.MX_TIM2_Init)
    MX_TIM2_Init                             0x080058f9   Thumb Code    98  main.o(i.MX_TIM2_Init)
    i.MX_TIM3_Init                           0x08005960   Section        0  main.o(i.MX_TIM3_Init)
    MX_TIM3_Init                             0x08005961   Thumb Code   100  main.o(i.MX_TIM3_Init)
    i.MX_USART1_UART_Init                    0x080059cc   Section        0  main.o(i.MX_USART1_UART_Init)
    MX_USART1_UART_Init                      0x080059cd   Thumb Code    88  main.o(i.MX_USART1_UART_Init)
    i.MemManage_Handler                      0x08005a30   Section        0  stm32g4xx_it.o(i.MemManage_Handler)
    i.Motor_Identify                         0x08005a34   Section        0  motor_identify.o(i.Motor_Identify)
    i.Motor_Struct_Init                      0x08005c80   Section        0  motor_publicdata.o(i.Motor_Struct_Init)
    i.Motor_System_Init                      0x08005e14   Section        0  motor_system.o(i.Motor_System_Init)
    i.Motor_System_Run                       0x08005e18   Section        0  motor_system.o(i.Motor_System_Run)
    i.NMI_Handler                            0x08005ef0   Section        0  stm32g4xx_it.o(i.NMI_Handler)
    i.PID_Control                            0x08005ef2   Section        0  pid_drv.o(i.PID_Control)
    i.PLL_Calculate                          0x08005f80   Section        0  observer_drv.o(i.PLL_Calculate)
    i.Pack_Transform                         0x08006068   Section        0  foc_drv.o(i.Pack_Transform)
    i.PendSV_Handler                         0x08006092   Section        0  stm32g4xx_it.o(i.PendSV_Handler)
    i.SMO_Calculate                          0x08006094   Section        0  observer_drv.o(i.SMO_Calculate)
    i.SPI_EndRxTxTransaction                 0x08006178   Section        0  stm32g4xx_hal_spi.o(i.SPI_EndRxTxTransaction)
    SPI_EndRxTxTransaction                   0x08006179   Thumb Code    72  stm32g4xx_hal_spi.o(i.SPI_EndRxTxTransaction)
    i.SPI_WaitFifoStateUntilTimeout          0x080061c0   Section        0  stm32g4xx_hal_spi.o(i.SPI_WaitFifoStateUntilTimeout)
    SPI_WaitFifoStateUntilTimeout            0x080061c1   Thumb Code   214  stm32g4xx_hal_spi.o(i.SPI_WaitFifoStateUntilTimeout)
    i.SPI_WaitFlagStateUntilTimeout          0x0800629c   Section        0  stm32g4xx_hal_spi.o(i.SPI_WaitFlagStateUntilTimeout)
    SPI_WaitFlagStateUntilTimeout            0x0800629d   Thumb Code   180  stm32g4xx_hal_spi.o(i.SPI_WaitFlagStateUntilTimeout)
    i.SVC_Handler                            0x08006354   Section        0  stm32g4xx_it.o(i.SVC_Handler)
    i.Sensorless_Control                     0x08006358   Section        0  motor_sensorless.o(i.Sensorless_Control)
    i.Sensoruse_Control                      0x08006a84   Section        0  motor_sensoruse.o(i.Sensoruse_Control)
    i.SysTick_Handler                        0x08006dc4   Section        0  stm32g4xx_it.o(i.SysTick_Handler)
    i.SystemClock_Config                     0x08006dc8   Section        0  main.o(i.SystemClock_Config)
    i.SystemInit                             0x08006e30   Section        0  system_stm32g4xx.o(i.SystemInit)
    i.TIM1_UP_TIM16_IRQHandler               0x08006e40   Section        0  stm32g4xx_it.o(i.TIM1_UP_TIM16_IRQHandler)
    i.TIM2_IRQHandler                        0x08006e4c   Section        0  stm32g4xx_it.o(i.TIM2_IRQHandler)
    i.TIM_Base_SetConfig                     0x08006e58   Section        0  stm32g4xx_hal_tim.o(i.TIM_Base_SetConfig)
    i.TIM_CCxChannelCmd                      0x08006f14   Section        0  stm32g4xx_hal_tim.o(i.TIM_CCxChannelCmd)
    i.TIM_ETR_SetConfig                      0x08006f2e   Section        0  stm32g4xx_hal_tim.o(i.TIM_ETR_SetConfig)
    i.TIM_ITRx_SetConfig                     0x08006f44   Section        0  stm32g4xx_hal_tim.o(i.TIM_ITRx_SetConfig)
    TIM_ITRx_SetConfig                       0x08006f45   Thumb Code    16  stm32g4xx_hal_tim.o(i.TIM_ITRx_SetConfig)
    i.TIM_OC1_SetConfig                      0x08006f58   Section        0  stm32g4xx_hal_tim.o(i.TIM_OC1_SetConfig)
    TIM_OC1_SetConfig                        0x08006f59   Thumb Code   132  stm32g4xx_hal_tim.o(i.TIM_OC1_SetConfig)
    i.TIM_OC2_SetConfig                      0x08006ff4   Section        0  stm32g4xx_hal_tim.o(i.TIM_OC2_SetConfig)
    i.TIM_OC3_SetConfig                      0x08007084   Section        0  stm32g4xx_hal_tim.o(i.TIM_OC3_SetConfig)
    TIM_OC3_SetConfig                        0x08007085   Thumb Code   118  stm32g4xx_hal_tim.o(i.TIM_OC3_SetConfig)
    i.TIM_OC4_SetConfig                      0x08007114   Section        0  stm32g4xx_hal_tim.o(i.TIM_OC4_SetConfig)
    TIM_OC4_SetConfig                        0x08007115   Thumb Code   120  stm32g4xx_hal_tim.o(i.TIM_OC4_SetConfig)
    i.TIM_OC5_SetConfig                      0x080071a4   Section        0  stm32g4xx_hal_tim.o(i.TIM_OC5_SetConfig)
    TIM_OC5_SetConfig                        0x080071a5   Thumb Code    86  stm32g4xx_hal_tim.o(i.TIM_OC5_SetConfig)
    i.TIM_OC6_SetConfig                      0x08007214   Section        0  stm32g4xx_hal_tim.o(i.TIM_OC6_SetConfig)
    TIM_OC6_SetConfig                        0x08007215   Thumb Code    88  stm32g4xx_hal_tim.o(i.TIM_OC6_SetConfig)
    i.TIM_TI1_ConfigInputStage               0x08007284   Section        0  stm32g4xx_hal_tim.o(i.TIM_TI1_ConfigInputStage)
    TIM_TI1_ConfigInputStage                 0x08007285   Thumb Code    34  stm32g4xx_hal_tim.o(i.TIM_TI1_ConfigInputStage)
    i.TIM_TI2_ConfigInputStage               0x080072a6   Section        0  stm32g4xx_hal_tim.o(i.TIM_TI2_ConfigInputStage)
    TIM_TI2_ConfigInputStage                 0x080072a7   Thumb Code    36  stm32g4xx_hal_tim.o(i.TIM_TI2_ConfigInputStage)
    i.T_Shaped_Acc_Dec                       0x080072cc   Section        0  speed_drv.o(i.T_Shaped_Acc_Dec)
    i.UARTEx_SetNbDataToProcess              0x0800735c   Section        0  stm32g4xx_hal_uart_ex.o(i.UARTEx_SetNbDataToProcess)
    UARTEx_SetNbDataToProcess                0x0800735d   Thumb Code    62  stm32g4xx_hal_uart_ex.o(i.UARTEx_SetNbDataToProcess)
    i.UART_AdvFeatureConfig                  0x080073a0   Section        0  stm32g4xx_hal_uart.o(i.UART_AdvFeatureConfig)
    i.UART_CheckIdleState                    0x08007468   Section        0  stm32g4xx_hal_uart.o(i.UART_CheckIdleState)
    i.UART_DMAAbortOnError                   0x08007514   Section        0  stm32g4xx_hal_uart.o(i.UART_DMAAbortOnError)
    UART_DMAAbortOnError                     0x08007515   Thumb Code    16  stm32g4xx_hal_uart.o(i.UART_DMAAbortOnError)
    i.UART_DMAError                          0x08007524   Section        0  stm32g4xx_hal_uart.o(i.UART_DMAError)
    UART_DMAError                            0x08007525   Thumb Code    80  stm32g4xx_hal_uart.o(i.UART_DMAError)
    i.UART_DMATransmitCplt                   0x08007574   Section        0  stm32g4xx_hal_uart.o(i.UART_DMATransmitCplt)
    UART_DMATransmitCplt                     0x08007575   Thumb Code    66  stm32g4xx_hal_uart.o(i.UART_DMATransmitCplt)
    i.UART_DMATxHalfCplt                     0x080075b6   Section        0  stm32g4xx_hal_uart.o(i.UART_DMATxHalfCplt)
    UART_DMATxHalfCplt                       0x080075b7   Thumb Code    10  stm32g4xx_hal_uart.o(i.UART_DMATxHalfCplt)
    i.UART_EndRxTransfer                     0x080075c0   Section        0  stm32g4xx_hal_uart.o(i.UART_EndRxTransfer)
    UART_EndRxTransfer                       0x080075c1   Thumb Code    78  stm32g4xx_hal_uart.o(i.UART_EndRxTransfer)
    i.UART_EndTxTransfer                     0x08007614   Section        0  stm32g4xx_hal_uart.o(i.UART_EndTxTransfer)
    UART_EndTxTransfer                       0x08007615   Thumb Code    46  stm32g4xx_hal_uart.o(i.UART_EndTxTransfer)
    i.UART_SetConfig                         0x08007644   Section        0  stm32g4xx_hal_uart.o(i.UART_SetConfig)
    i.UART_WaitOnFlagUntilTimeout            0x080078b4   Section        0  stm32g4xx_hal_uart.o(i.UART_WaitOnFlagUntilTimeout)
    i.USART1_IRQHandler                      0x08007948   Section        0  stm32g4xx_it.o(i.USART1_IRQHandler)
    i.UsageFault_Handler                     0x08007954   Section        0  stm32g4xx_it.o(i.UsageFault_Handler)
    i.Usart_Task                             0x08007958   Section        0  usart_task.o(i.Usart_Task)
    i.__NVIC_SetPriority                     0x080079e4   Section        0  stm32g4xx_hal_cortex.o(i.__NVIC_SetPriority)
    __NVIC_SetPriority                       0x080079e5   Thumb Code    32  stm32g4xx_hal_cortex.o(i.__NVIC_SetPriority)
    i.__scatterload_copy                     0x08007a04   Section       14  handlers.o(i.__scatterload_copy)
    i.__scatterload_null                     0x08007a12   Section        2  handlers.o(i.__scatterload_null)
    i.__scatterload_zeroinit                 0x08007a14   Section       14  handlers.o(i.__scatterload_zeroinit)
    i.main                                   0x08007a24   Section        0  main.o(i.main)
    i.mypow                                  0x08007a9c   Section        0  lcd_drv.o(i.mypow)
    .constdata                               0x08007aac   Section       24  stm32g4xx_hal_uart.o(.constdata)
    .constdata                               0x08007ac4   Section       16  stm32g4xx_hal_uart_ex.o(.constdata)
    numerator                                0x08007ac4   Data           8  stm32g4xx_hal_uart_ex.o(.constdata)
    denominator                              0x08007acc   Data           8  stm32g4xx_hal_uart_ex.o(.constdata)
    .constdata                               0x08007ad4   Section       16  system_stm32g4xx.o(.constdata)
    .constdata                               0x08007ae4   Section        8  system_stm32g4xx.o(.constdata)
    .constdata                               0x08007aec   Section    16314  lcd_drv.o(.constdata)
    .constdata                               0x0800baa6   Section      512  math_drv.o(.constdata)
    .data                                    0x20000000   Section       12  stm32g4xx_hal.o(.data)
    .data                                    0x2000000c   Section        4  system_stm32g4xx.o(.data)
    .data                                    0x20000010   Section        4  led_task.o(.data)
    .data                                    0x20000014   Section        4  lcd_mid.o(.data)
    .data                                    0x20000018   Section        4  lcd_task.o(.data)
    .data                                    0x2000001c   Section       10  key_drv.o(.data)
    .data                                    0x20000026   Section        4  key_task.o(.data)
    .data                                    0x2000002a   Section        4  usart_task.o(.data)
    .data                                    0x2000002e   Section       10  motor_sensorless.o(.data)
    step                                     0x2000002e   Data           1  motor_sensorless.o(.data)
    errorcnt                                 0x2000002f   Data           1  motor_sensorless.o(.data)
    runtim                                   0x20000030   Data           2  motor_sensorless.o(.data)
    comparecnt                               0x20000032   Data           2  motor_sensorless.o(.data)
    successcnt                               0x20000034   Data           2  motor_sensorless.o(.data)
    errortimout                              0x20000036   Data           2  motor_sensorless.o(.data)
    .bss                                     0x20000038   Section      584  main.o(.bss)
    .bss                                     0x20000280   Section       96  main.o(.bss)
    .bss                                     0x200002e0   Section       96  main.o(.bss)
    .bss                                     0x20000340   Section       16  usart_task.o(.bss)
    .bss                                     0x20000350   Section      864  motor_publicdata.o(.bss)
    STACK                                    0x200006b0   Section     1024  startup_stm32g431xx.o(STACK)

    Global Symbols

    Symbol Name                              Value     Ov Type        Size  Object(Section)

    BuildAttributes$$THM_ISAv4$E$P$D$K$B$S$7EM$VFPi3$EXTD16$VFPS$VFMA$PE$A:L22UL41UL21$X:L11$S22US41US21$IEEE1$IW$USESV6$~STKCKD$USESV7$~SHL$OSPACE$EBA8$MICROLIB$REQ8$PRES8$EABIv2 0x00000000   Number         0  anon$$obj.o ABSOLUTE
    __ARM_use_no_argv                        0x00000000   Number         0  main.o ABSOLUTE
    __cpp_initialize__aeabi_                  - Undefined Weak Reference
    __cxa_finalize                            - Undefined Weak Reference
    __decompress                              - Undefined Weak Reference
    _clock_init                               - Undefined Weak Reference
    _microlib_exit                            - Undefined Weak Reference
    __Vectors_Size                           0x000001d8   Number         0  startup_stm32g431xx.o ABSOLUTE
    __Vectors                                0x08000000   Data           4  startup_stm32g431xx.o(RESET)
    __Vectors_End                            0x080001d8   Data           0  startup_stm32g431xx.o(RESET)
    __main                                   0x080001d9   Thumb Code     0  entry.o(.ARM.Collect$$$$00000000)
    _main_stk                                0x080001d9   Thumb Code     0  entry2.o(.ARM.Collect$$$$00000001)
    _main_scatterload                        0x080001dd   Thumb Code     0  entry5.o(.ARM.Collect$$$$00000004)
    __main_after_scatterload                 0x080001e1   Thumb Code     0  entry5.o(.ARM.Collect$$$$00000004)
    _main_clock                              0x080001e1   Thumb Code     0  entry7b.o(.ARM.Collect$$$$00000008)
    _main_cpp_init                           0x080001e1   Thumb Code     0  entry8b.o(.ARM.Collect$$$$0000000A)
    _main_init                               0x080001e1   Thumb Code     0  entry9a.o(.ARM.Collect$$$$0000000B)
    __rt_final_cpp                           0x080001e9   Thumb Code     0  entry10a.o(.ARM.Collect$$$$0000000D)
    __rt_final_exit                          0x080001e9   Thumb Code     0  entry11a.o(.ARM.Collect$$$$0000000F)
    Reset_Handler                            0x080001ed   Thumb Code     8  startup_stm32g431xx.o(.text)
    COMP1_2_3_IRQHandler                     0x08000207   Thumb Code     0  startup_stm32g431xx.o(.text)
    COMP4_IRQHandler                         0x08000207   Thumb Code     0  startup_stm32g431xx.o(.text)
    CORDIC_IRQHandler                        0x08000207   Thumb Code     0  startup_stm32g431xx.o(.text)
    CRS_IRQHandler                           0x08000207   Thumb Code     0  startup_stm32g431xx.o(.text)
    DMA1_Channel3_IRQHandler                 0x08000207   Thumb Code     0  startup_stm32g431xx.o(.text)
    DMA1_Channel4_IRQHandler                 0x08000207   Thumb Code     0  startup_stm32g431xx.o(.text)
    DMA1_Channel5_IRQHandler                 0x08000207   Thumb Code     0  startup_stm32g431xx.o(.text)
    DMA1_Channel6_IRQHandler                 0x08000207   Thumb Code     0  startup_stm32g431xx.o(.text)
    DMA2_Channel1_IRQHandler                 0x08000207   Thumb Code     0  startup_stm32g431xx.o(.text)
    DMA2_Channel2_IRQHandler                 0x08000207   Thumb Code     0  startup_stm32g431xx.o(.text)
    DMA2_Channel3_IRQHandler                 0x08000207   Thumb Code     0  startup_stm32g431xx.o(.text)
    DMA2_Channel4_IRQHandler                 0x08000207   Thumb Code     0  startup_stm32g431xx.o(.text)
    DMA2_Channel5_IRQHandler                 0x08000207   Thumb Code     0  startup_stm32g431xx.o(.text)
    DMA2_Channel6_IRQHandler                 0x08000207   Thumb Code     0  startup_stm32g431xx.o(.text)
    DMAMUX_OVR_IRQHandler                    0x08000207   Thumb Code     0  startup_stm32g431xx.o(.text)
    EXTI0_IRQHandler                         0x08000207   Thumb Code     0  startup_stm32g431xx.o(.text)
    EXTI15_10_IRQHandler                     0x08000207   Thumb Code     0  startup_stm32g431xx.o(.text)
    EXTI1_IRQHandler                         0x08000207   Thumb Code     0  startup_stm32g431xx.o(.text)
    EXTI2_IRQHandler                         0x08000207   Thumb Code     0  startup_stm32g431xx.o(.text)
    EXTI3_IRQHandler                         0x08000207   Thumb Code     0  startup_stm32g431xx.o(.text)
    EXTI4_IRQHandler                         0x08000207   Thumb Code     0  startup_stm32g431xx.o(.text)
    EXTI9_5_IRQHandler                       0x08000207   Thumb Code     0  startup_stm32g431xx.o(.text)
    FDCAN1_IT0_IRQHandler                    0x08000207   Thumb Code     0  startup_stm32g431xx.o(.text)
    FDCAN1_IT1_IRQHandler                    0x08000207   Thumb Code     0  startup_stm32g431xx.o(.text)
    FLASH_IRQHandler                         0x08000207   Thumb Code     0  startup_stm32g431xx.o(.text)
    FMAC_IRQHandler                          0x08000207   Thumb Code     0  startup_stm32g431xx.o(.text)
    FPU_IRQHandler                           0x08000207   Thumb Code     0  startup_stm32g431xx.o(.text)
    I2C1_ER_IRQHandler                       0x08000207   Thumb Code     0  startup_stm32g431xx.o(.text)
    I2C1_EV_IRQHandler                       0x08000207   Thumb Code     0  startup_stm32g431xx.o(.text)
    I2C2_ER_IRQHandler                       0x08000207   Thumb Code     0  startup_stm32g431xx.o(.text)
    I2C2_EV_IRQHandler                       0x08000207   Thumb Code     0  startup_stm32g431xx.o(.text)
    I2C3_ER_IRQHandler                       0x08000207   Thumb Code     0  startup_stm32g431xx.o(.text)
    I2C3_EV_IRQHandler                       0x08000207   Thumb Code     0  startup_stm32g431xx.o(.text)
    LPTIM1_IRQHandler                        0x08000207   Thumb Code     0  startup_stm32g431xx.o(.text)
    LPUART1_IRQHandler                       0x08000207   Thumb Code     0  startup_stm32g431xx.o(.text)
    PVD_PVM_IRQHandler                       0x08000207   Thumb Code     0  startup_stm32g431xx.o(.text)
    RCC_IRQHandler                           0x08000207   Thumb Code     0  startup_stm32g431xx.o(.text)
    RNG_IRQHandler                           0x08000207   Thumb Code     0  startup_stm32g431xx.o(.text)
    RTC_Alarm_IRQHandler                     0x08000207   Thumb Code     0  startup_stm32g431xx.o(.text)
    RTC_TAMP_LSECSS_IRQHandler               0x08000207   Thumb Code     0  startup_stm32g431xx.o(.text)
    RTC_WKUP_IRQHandler                      0x08000207   Thumb Code     0  startup_stm32g431xx.o(.text)
    SAI1_IRQHandler                          0x08000207   Thumb Code     0  startup_stm32g431xx.o(.text)
    SPI1_IRQHandler                          0x08000207   Thumb Code     0  startup_stm32g431xx.o(.text)
    SPI2_IRQHandler                          0x08000207   Thumb Code     0  startup_stm32g431xx.o(.text)
    SPI3_IRQHandler                          0x08000207   Thumb Code     0  startup_stm32g431xx.o(.text)
    TIM1_BRK_TIM15_IRQHandler                0x08000207   Thumb Code     0  startup_stm32g431xx.o(.text)
    TIM1_CC_IRQHandler                       0x08000207   Thumb Code     0  startup_stm32g431xx.o(.text)
    TIM1_TRG_COM_TIM17_IRQHandler            0x08000207   Thumb Code     0  startup_stm32g431xx.o(.text)
    TIM3_IRQHandler                          0x08000207   Thumb Code     0  startup_stm32g431xx.o(.text)
    TIM4_IRQHandler                          0x08000207   Thumb Code     0  startup_stm32g431xx.o(.text)
    TIM6_DAC_IRQHandler                      0x08000207   Thumb Code     0  startup_stm32g431xx.o(.text)
    TIM7_IRQHandler                          0x08000207   Thumb Code     0  startup_stm32g431xx.o(.text)
    TIM8_BRK_IRQHandler                      0x08000207   Thumb Code     0  startup_stm32g431xx.o(.text)
    TIM8_CC_IRQHandler                       0x08000207   Thumb Code     0  startup_stm32g431xx.o(.text)
    TIM8_TRG_COM_IRQHandler                  0x08000207   Thumb Code     0  startup_stm32g431xx.o(.text)
    TIM8_UP_IRQHandler                       0x08000207   Thumb Code     0  startup_stm32g431xx.o(.text)
    UART4_IRQHandler                         0x08000207   Thumb Code     0  startup_stm32g431xx.o(.text)
    UCPD1_IRQHandler                         0x08000207   Thumb Code     0  startup_stm32g431xx.o(.text)
    USART2_IRQHandler                        0x08000207   Thumb Code     0  startup_stm32g431xx.o(.text)
    USART3_IRQHandler                        0x08000207   Thumb Code     0  startup_stm32g431xx.o(.text)
    USBWakeUp_IRQHandler                     0x08000207   Thumb Code     0  startup_stm32g431xx.o(.text)
    USB_HP_IRQHandler                        0x08000207   Thumb Code     0  startup_stm32g431xx.o(.text)
    USB_LP_IRQHandler                        0x08000207   Thumb Code     0  startup_stm32g431xx.o(.text)
    WWDG_IRQHandler                          0x08000207   Thumb Code     0  startup_stm32g431xx.o(.text)
    __aeabi_uldivmod                         0x08000211   Thumb Code    98  uldiv.o(.text)
    __aeabi_memset                           0x08000273   Thumb Code    14  memseta.o(.text)
    __aeabi_memset4                          0x08000273   Thumb Code     0  memseta.o(.text)
    __aeabi_memset8                          0x08000273   Thumb Code     0  memseta.o(.text)
    __aeabi_memclr                           0x08000281   Thumb Code     4  memseta.o(.text)
    __aeabi_memclr4                          0x08000281   Thumb Code     0  memseta.o(.text)
    __aeabi_memclr8                          0x08000281   Thumb Code     0  memseta.o(.text)
    _memset$wrapper                          0x08000285   Thumb Code    18  memseta.o(.text)
    __aeabi_llsl                             0x08000297   Thumb Code    30  llshl.o(.text)
    _ll_shift_l                              0x08000297   Thumb Code     0  llshl.o(.text)
    __aeabi_llsr                             0x080002b5   Thumb Code    32  llushr.o(.text)
    _ll_ushift_r                             0x080002b5   Thumb Code     0  llushr.o(.text)
    __scatterload                            0x080002d5   Thumb Code    28  init.o(.text)
    __scatterload_rt2                        0x080002d5   Thumb Code     0  init.o(.text)
    ADC1_2_IRQHandler                        0x080002f9   Thumb Code     6  stm32g4xx_it.o(i.ADC1_2_IRQHandler)
    ADC_DMAConvCplt                          0x08000305   Thumb Code   104  stm32g4xx_hal_adc.o(i.ADC_DMAConvCplt)
    ADC_DMAError                             0x0800036d   Thumb Code    26  stm32g4xx_hal_adc.o(i.ADC_DMAError)
    ADC_DMAHalfConvCplt                      0x08000387   Thumb Code    10  stm32g4xx_hal_adc.o(i.ADC_DMAHalfConvCplt)
    ADC_Disable                              0x08000391   Thumb Code   106  stm32g4xx_hal_adc.o(i.ADC_Disable)
    ADC_Enable                               0x08000401   Thumb Code   156  stm32g4xx_hal_adc.o(i.ADC_Enable)
    Amplitude_Limit                          0x080004ad   Thumb Code    20  math_drv.o(i.Amplitude_Limit)
    BusFault_Handler                         0x080004c1   Thumb Code     2  stm32g4xx_it.o(i.BusFault_Handler)
    Calculate_Adc_Offset                     0x080004c3   Thumb Code   102  sample_drv.o(i.Calculate_Adc_Offset)
    Calculate_Bus_Voltage                    0x08000529   Thumb Code    34  sample_drv.o(i.Calculate_Bus_Voltage)
    Calculate_Encoder_Data                   0x0800054b   Thumb Code    42  encoder_drv.o(i.Calculate_Encoder_Data)
    Calculate_Phase_Current                  0x08000575   Thumb Code    70  sample_drv.o(i.Calculate_Phase_Current)
    Calculate_Position                       0x080005bb   Thumb Code    96  position_drv.o(i.Calculate_Position)
    Calculate_SVPWM                          0x0800061d   Thumb Code   492  foc_drv.o(i.Calculate_SVPWM)
    Calculate_Sin_Cos                        0x08000819   Thumb Code   248  math_drv.o(i.Calculate_Sin_Cos)
    Calculate_Speed                          0x08000919   Thumb Code   108  speed_drv.o(i.Calculate_Speed)
    Clark_Transform                          0x08000985   Thumb Code    34  foc_drv.o(i.Clark_Transform)
    DMA1_Channel1_IRQHandler                 0x080009b1   Thumb Code     6  stm32g4xx_it.o(i.DMA1_Channel1_IRQHandler)
    DMA1_Channel2_IRQHandler                 0x080009bd   Thumb Code     6  stm32g4xx_it.o(i.DMA1_Channel2_IRQHandler)
    DebugMon_Handler                         0x08000a6b   Thumb Code     2  stm32g4xx_it.o(i.DebugMon_Handler)
    Electrical_Angle_Generator               0x08000a6d   Thumb Code    90  encoder_drv.o(i.Electrical_Angle_Generator)
    Error_Handler                            0x08000ad1   Thumb Code     4  main.o(i.Error_Handler)
    Global_Init                              0x08000ad5   Thumb Code   158  global_control.o(i.Global_Init)
    Global_Loop                              0x08000b8d   Thumb Code     4  global_control.o(i.Global_Loop)
    HAL_ADCEx_Calibration_Start              0x08000b91   Thumb Code   138  stm32g4xx_hal_adc_ex.o(i.HAL_ADCEx_Calibration_Start)
    HAL_ADCEx_EndOfSamplingCallback          0x08000c25   Thumb Code     2  stm32g4xx_hal_adc_ex.o(i.HAL_ADCEx_EndOfSamplingCallback)
    HAL_ADCEx_InjectedConfigChannel          0x08000c29   Thumb Code  1254  stm32g4xx_hal_adc_ex.o(i.HAL_ADCEx_InjectedConfigChannel)
    HAL_ADCEx_InjectedConvCpltCallback       0x08001139   Thumb Code    72  global_control.o(i.HAL_ADCEx_InjectedConvCpltCallback)
    HAL_ADCEx_InjectedQueueOverflowCallback  0x0800118d   Thumb Code     2  stm32g4xx_hal_adc_ex.o(i.HAL_ADCEx_InjectedQueueOverflowCallback)
    HAL_ADCEx_InjectedStart_IT               0x08001191   Thumb Code   282  stm32g4xx_hal_adc_ex.o(i.HAL_ADCEx_InjectedStart_IT)
    HAL_ADCEx_LevelOutOfWindow2Callback      0x080012b9   Thumb Code     2  stm32g4xx_hal_adc_ex.o(i.HAL_ADCEx_LevelOutOfWindow2Callback)
    HAL_ADCEx_LevelOutOfWindow3Callback      0x080012bb   Thumb Code     2  stm32g4xx_hal_adc_ex.o(i.HAL_ADCEx_LevelOutOfWindow3Callback)
    HAL_ADC_ConfigChannel                    0x080012bd   Thumb Code   998  stm32g4xx_hal_adc.o(i.HAL_ADC_ConfigChannel)
    HAL_ADC_ConvCpltCallback                 0x080016d9   Thumb Code     2  stm32g4xx_hal_adc.o(i.HAL_ADC_ConvCpltCallback)
    HAL_ADC_ConvHalfCpltCallback             0x080016db   Thumb Code     2  stm32g4xx_hal_adc.o(i.HAL_ADC_ConvHalfCpltCallback)
    HAL_ADC_ErrorCallback                    0x080016dd   Thumb Code     2  stm32g4xx_hal_adc.o(i.HAL_ADC_ErrorCallback)
    HAL_ADC_IRQHandler                       0x080016e1   Thumb Code   612  stm32g4xx_hal_adc.o(i.HAL_ADC_IRQHandler)
    HAL_ADC_Init                             0x0800194d   Thumb Code   462  stm32g4xx_hal_adc.o(i.HAL_ADC_Init)
    HAL_ADC_LevelOutOfWindowCallback         0x08001b3d   Thumb Code     2  stm32g4xx_hal_adc.o(i.HAL_ADC_LevelOutOfWindowCallback)
    HAL_ADC_MspInit                          0x08001b41   Thumb Code   234  stm32g4xx_hal_msp.o(i.HAL_ADC_MspInit)
    HAL_ADC_Start_DMA                        0x08001c45   Thumb Code   214  stm32g4xx_hal_adc.o(i.HAL_ADC_Start_DMA)
    HAL_DMA_Abort                            0x08001d35   Thumb Code   106  stm32g4xx_hal_dma.o(i.HAL_DMA_Abort)
    HAL_DMA_Abort_IT                         0x08001d9f   Thumb Code   120  stm32g4xx_hal_dma.o(i.HAL_DMA_Abort_IT)
    HAL_DMA_IRQHandler                       0x08001e17   Thumb Code   186  stm32g4xx_hal_dma.o(i.HAL_DMA_IRQHandler)
    HAL_DMA_Init                             0x08001ed1   Thumb Code   178  stm32g4xx_hal_dma.o(i.HAL_DMA_Init)
    HAL_DMA_Start_IT                         0x08001f91   Thumb Code   140  stm32g4xx_hal_dma.o(i.HAL_DMA_Start_IT)
    HAL_Delay                                0x0800201d   Thumb Code    32  stm32g4xx_hal.o(i.HAL_Delay)
    HAL_GPIO_Init                            0x08002041   Thumb Code   400  stm32g4xx_hal_gpio.o(i.HAL_GPIO_Init)
    HAL_GPIO_ReadPin                         0x080021f1   Thumb Code    10  stm32g4xx_hal_gpio.o(i.HAL_GPIO_ReadPin)
    HAL_GPIO_TogglePin                       0x080021fb   Thumb Code    16  stm32g4xx_hal_gpio.o(i.HAL_GPIO_TogglePin)
    HAL_GPIO_WritePin                        0x0800220b   Thumb Code    10  stm32g4xx_hal_gpio.o(i.HAL_GPIO_WritePin)
    HAL_GetTick                              0x08002215   Thumb Code     6  stm32g4xx_hal.o(i.HAL_GetTick)
    HAL_IncTick                              0x08002221   Thumb Code    12  stm32g4xx_hal.o(i.HAL_IncTick)
    HAL_Init                                 0x08002231   Thumb Code    30  stm32g4xx_hal.o(i.HAL_Init)
    HAL_InitTick                             0x08002251   Thumb Code    58  stm32g4xx_hal.o(i.HAL_InitTick)
    HAL_MspInit                              0x08002295   Thumb Code    42  stm32g4xx_hal_msp.o(i.HAL_MspInit)
    HAL_NVIC_EnableIRQ                       0x080022c5   Thumb Code    26  stm32g4xx_hal_cortex.o(i.HAL_NVIC_EnableIRQ)
    HAL_NVIC_SetPriority                     0x080022e1   Thumb Code    60  stm32g4xx_hal_cortex.o(i.HAL_NVIC_SetPriority)
    HAL_NVIC_SetPriorityGrouping             0x08002321   Thumb Code    26  stm32g4xx_hal_cortex.o(i.HAL_NVIC_SetPriorityGrouping)
    HAL_PWREx_ControlVoltageScaling          0x08002345   Thumb Code   174  stm32g4xx_hal_pwr_ex.o(i.HAL_PWREx_ControlVoltageScaling)
    HAL_PWREx_DisableUCPDDeadBattery         0x08002401   Thumb Code    12  stm32g4xx_hal_pwr_ex.o(i.HAL_PWREx_DisableUCPDDeadBattery)
    HAL_RCCEx_PeriphCLKConfig                0x08002411   Thumb Code   660  stm32g4xx_hal_rcc_ex.o(i.HAL_RCCEx_PeriphCLKConfig)
    HAL_RCC_ClockConfig                      0x080026ad   Thumb Code   430  stm32g4xx_hal_rcc.o(i.HAL_RCC_ClockConfig)
    HAL_RCC_GetPCLK1Freq                     0x08002879   Thumb Code    24  stm32g4xx_hal_rcc.o(i.HAL_RCC_GetPCLK1Freq)
    HAL_RCC_GetPCLK2Freq                     0x0800289d   Thumb Code    24  stm32g4xx_hal_rcc.o(i.HAL_RCC_GetPCLK2Freq)
    HAL_RCC_GetSysClockFreq                  0x080028c1   Thumb Code    80  stm32g4xx_hal_rcc.o(i.HAL_RCC_GetSysClockFreq)
    HAL_RCC_OscConfig                        0x08002919   Thumb Code   992  stm32g4xx_hal_rcc.o(i.HAL_RCC_OscConfig)
    HAL_SPI_Init                             0x08002d0d   Thumb Code   234  stm32g4xx_hal_spi.o(i.HAL_SPI_Init)
    HAL_SPI_MspInit                          0x08002df9   Thumb Code    90  stm32g4xx_hal_msp.o(i.HAL_SPI_MspInit)
    HAL_SPI_Transmit                         0x08002e61   Thumb Code   394  stm32g4xx_hal_spi.o(i.HAL_SPI_Transmit)
    HAL_SYSTICK_Config                       0x08002feb   Thumb Code    40  stm32g4xx_hal_cortex.o(i.HAL_SYSTICK_Config)
    HAL_TIMEx_Break2Callback                 0x08003013   Thumb Code     2  stm32g4xx_hal_tim_ex.o(i.HAL_TIMEx_Break2Callback)
    HAL_TIMEx_BreakCallback                  0x08003015   Thumb Code     2  stm32g4xx_hal_tim_ex.o(i.HAL_TIMEx_BreakCallback)
    HAL_TIMEx_CommutCallback                 0x08003017   Thumb Code     2  stm32g4xx_hal_tim_ex.o(i.HAL_TIMEx_CommutCallback)
    HAL_TIMEx_ConfigBreakDeadTime            0x08003019   Thumb Code   148  stm32g4xx_hal_tim_ex.o(i.HAL_TIMEx_ConfigBreakDeadTime)
    HAL_TIMEx_DirectionChangeCallback        0x080030b5   Thumb Code     2  stm32g4xx_hal_tim_ex.o(i.HAL_TIMEx_DirectionChangeCallback)
    HAL_TIMEx_EncoderIndexCallback           0x080030b7   Thumb Code     2  stm32g4xx_hal_tim_ex.o(i.HAL_TIMEx_EncoderIndexCallback)
    HAL_TIMEx_IndexErrorCallback             0x080030b9   Thumb Code     2  stm32g4xx_hal_tim_ex.o(i.HAL_TIMEx_IndexErrorCallback)
    HAL_TIMEx_MasterConfigSynchronization    0x080030bd   Thumb Code   132  stm32g4xx_hal_tim_ex.o(i.HAL_TIMEx_MasterConfigSynchronization)
    HAL_TIMEx_TransitionErrorCallback        0x08003159   Thumb Code     2  stm32g4xx_hal_tim_ex.o(i.HAL_TIMEx_TransitionErrorCallback)
    HAL_TIM_Base_Init                        0x0800315b   Thumb Code    98  stm32g4xx_hal_tim.o(i.HAL_TIM_Base_Init)
    HAL_TIM_Base_MspInit                     0x080031bd   Thumb Code    86  stm32g4xx_hal_msp.o(i.HAL_TIM_Base_MspInit)
    HAL_TIM_Base_Start_IT                    0x0800321d   Thumb Code    94  stm32g4xx_hal_tim.o(i.HAL_TIM_Base_Start_IT)
    HAL_TIM_ConfigClockSource                0x08003295   Thumb Code   246  stm32g4xx_hal_tim.o(i.HAL_TIM_ConfigClockSource)
    HAL_TIM_Encoder_Init                     0x08003395   Thumb Code   162  stm32g4xx_hal_tim.o(i.HAL_TIM_Encoder_Init)
    HAL_TIM_Encoder_MspInit                  0x0800343d   Thumb Code    86  stm32g4xx_hal_msp.o(i.HAL_TIM_Encoder_MspInit)
    HAL_TIM_Encoder_Start                    0x080034a1   Thumb Code   146  stm32g4xx_hal_tim.o(i.HAL_TIM_Encoder_Start)
    HAL_TIM_IC_CaptureCallback               0x08003533   Thumb Code     2  stm32g4xx_hal_tim.o(i.HAL_TIM_IC_CaptureCallback)
    HAL_TIM_IRQHandler                       0x08003535   Thumb Code   418  stm32g4xx_hal_tim.o(i.HAL_TIM_IRQHandler)
    HAL_TIM_MspPostInit                      0x080036d9   Thumb Code    70  stm32g4xx_hal_msp.o(i.HAL_TIM_MspPostInit)
    HAL_TIM_OC_DelayElapsedCallback          0x0800372d   Thumb Code     2  stm32g4xx_hal_tim.o(i.HAL_TIM_OC_DelayElapsedCallback)
    HAL_TIM_PWM_ConfigChannel                0x0800372f   Thumb Code   292  stm32g4xx_hal_tim.o(i.HAL_TIM_PWM_ConfigChannel)
    HAL_TIM_PWM_Init                         0x08003853   Thumb Code    98  stm32g4xx_hal_tim.o(i.HAL_TIM_PWM_Init)
    HAL_TIM_PWM_MspInit                      0x080038b5   Thumb Code     2  stm32g4xx_hal_tim.o(i.HAL_TIM_PWM_MspInit)
    HAL_TIM_PWM_PulseFinishedCallback        0x080038b7   Thumb Code     2  stm32g4xx_hal_tim.o(i.HAL_TIM_PWM_PulseFinishedCallback)
    HAL_TIM_PWM_Start                        0x080038b9   Thumb Code   230  stm32g4xx_hal_tim.o(i.HAL_TIM_PWM_Start)
    HAL_TIM_PeriodElapsedCallback            0x080039c1   Thumb Code    80  global_control.o(i.HAL_TIM_PeriodElapsedCallback)
    HAL_TIM_TriggerCallback                  0x08003a2d   Thumb Code     2  stm32g4xx_hal_tim.o(i.HAL_TIM_TriggerCallback)
    HAL_UARTEx_DisableFifoMode               0x08003a2f   Thumb Code    62  stm32g4xx_hal_uart_ex.o(i.HAL_UARTEx_DisableFifoMode)
    HAL_UARTEx_RxEventCallback               0x08003a6d   Thumb Code     2  stm32g4xx_hal_uart.o(i.HAL_UARTEx_RxEventCallback)
    HAL_UARTEx_RxFifoFullCallback            0x08003a6f   Thumb Code     2  stm32g4xx_hal_uart_ex.o(i.HAL_UARTEx_RxFifoFullCallback)
    HAL_UARTEx_SetRxFifoThreshold            0x08003a71   Thumb Code    76  stm32g4xx_hal_uart_ex.o(i.HAL_UARTEx_SetRxFifoThreshold)
    HAL_UARTEx_SetTxFifoThreshold            0x08003abd   Thumb Code    76  stm32g4xx_hal_uart_ex.o(i.HAL_UARTEx_SetTxFifoThreshold)
    HAL_UARTEx_TxFifoEmptyCallback           0x08003b09   Thumb Code     2  stm32g4xx_hal_uart_ex.o(i.HAL_UARTEx_TxFifoEmptyCallback)
    HAL_UARTEx_WakeupCallback                0x08003b0b   Thumb Code     2  stm32g4xx_hal_uart_ex.o(i.HAL_UARTEx_WakeupCallback)
    HAL_UART_ErrorCallback                   0x08003b0d   Thumb Code     2  stm32g4xx_hal_uart.o(i.HAL_UART_ErrorCallback)
    HAL_UART_IRQHandler                      0x08003b11   Thumb Code   782  stm32g4xx_hal_uart.o(i.HAL_UART_IRQHandler)
    HAL_UART_Init                            0x08003e2d   Thumb Code   106  stm32g4xx_hal_uart.o(i.HAL_UART_Init)
    HAL_UART_MspInit                         0x08003e99   Thumb Code   172  stm32g4xx_hal_msp.o(i.HAL_UART_MspInit)
    HAL_UART_Transmit_DMA                    0x08003f59   Thumb Code   132  stm32g4xx_hal_uart.o(i.HAL_UART_Transmit_DMA)
    HAL_UART_TxCpltCallback                  0x08003fe9   Thumb Code     2  stm32g4xx_hal_uart.o(i.HAL_UART_TxCpltCallback)
    HAL_UART_TxHalfCpltCallback              0x08003feb   Thumb Code     2  stm32g4xx_hal_uart.o(i.HAL_UART_TxHalfCpltCallback)
    HFI_Calculate                            0x08003fed   Thumb Code   408  observer_drv.o(i.HFI_Calculate)
    HardFault_Handler                        0x08004189   Thumb Code     2  stm32g4xx_it.o(i.HardFault_Handler)
    IPack_Transform                          0x0800418b   Thumb Code    42  foc_drv.o(i.IPack_Transform)
    Key_Process                              0x080041b5   Thumb Code   140  key_drv.o(i.Key_Process)
    Key_Scan                                 0x08004245   Thumb Code    36  key_drv.o(i.Key_Scan)
    Key_Task                                 0x08004275   Thumb Code    38  key_task.o(i.Key_Task)
    LCD_Address_Set                          0x080042a1   Thumb Code    62  lcd_drv.o(i.LCD_Address_Set)
    LCD_Clear                                0x080042df   Thumb Code    18  lcd_mid.o(i.LCD_Clear)
    LCD_Display_Logo                         0x080042f1   Thumb Code    30  lcd_mid.o(i.LCD_Display_Logo)
    LCD_Display_Page1                        0x08004311   Thumb Code   958  lcd_mid.o(i.LCD_Display_Page1)
    LCD_Display_Page2                        0x080047c1   Thumb Code   250  lcd_mid.o(i.LCD_Display_Page2)
    LCD_DrawLine                             0x08004929   Thumb Code   152  lcd_drv.o(i.LCD_DrawLine)
    LCD_DrawPoint                            0x080049c1   Thumb Code    22  lcd_drv.o(i.LCD_DrawPoint)
    LCD_Fill                                 0x080049d7   Thumb Code    62  lcd_drv.o(i.LCD_Fill)
    LCD_Init                                 0x08004a15   Thumb Code   514  lcd_drv.o(i.LCD_Init)
    LCD_ShowChar                             0x08004c1d   Thumb Code   254  lcd_drv.o(i.LCD_ShowChar)
    LCD_ShowChinese                          0x08004d2d   Thumb Code   134  lcd_drv.o(i.LCD_ShowChinese)
    LCD_ShowChinese12x12                     0x08004db5   Thumb Code   240  lcd_drv.o(i.LCD_ShowChinese12x12)
    LCD_ShowChinese16x16                     0x08004ea9   Thumb Code   236  lcd_drv.o(i.LCD_ShowChinese16x16)
    LCD_ShowChinese24x24                     0x08004f99   Thumb Code   240  lcd_drv.o(i.LCD_ShowChinese24x24)
    LCD_ShowChinese32x32                     0x0800508d   Thumb Code   236  lcd_drv.o(i.LCD_ShowChinese32x32)
    LCD_ShowFloatNum1                        0x0800517d   Thumb Code   154  lcd_drv.o(i.LCD_ShowFloatNum1)
    LCD_ShowIntNum                           0x0800521d   Thumb Code   126  lcd_drv.o(i.LCD_ShowIntNum)
    LCD_ShowString                           0x0800529b   Thumb Code    58  lcd_drv.o(i.LCD_ShowString)
    LCD_WR_DATA                              0x080052d5   Thumb Code    20  lcd_drv.o(i.LCD_WR_DATA)
    LCD_WR_REG                               0x080052e9   Thumb Code    36  lcd_drv.o(i.LCD_WR_REG)
    LCD_Writ_Bus                             0x08005311   Thumb Code    44  lcd_drv.o(i.LCD_Writ_Bus)
    Lcd_Task                                 0x080053f5   Thumb Code   250  lcd_task.o(i.Lcd_Task)
    Led_Task                                 0x0800550d   Thumb Code    46  led_task.o(i.Led_Task)
    MemManage_Handler                        0x08005a31   Thumb Code     2  stm32g4xx_it.o(i.MemManage_Handler)
    Motor_Identify                           0x08005a35   Thumb Code   546  motor_identify.o(i.Motor_Identify)
    Motor_Struct_Init                        0x08005c81   Thumb Code   324  motor_publicdata.o(i.Motor_Struct_Init)
    Motor_System_Init                        0x08005e15   Thumb Code     4  motor_system.o(i.Motor_System_Init)
    Motor_System_Run                         0x08005e19   Thumb Code   194  motor_system.o(i.Motor_System_Run)
    NMI_Handler                              0x08005ef1   Thumb Code     2  stm32g4xx_it.o(i.NMI_Handler)
    PID_Control                              0x08005ef3   Thumb Code   140  pid_drv.o(i.PID_Control)
    PLL_Calculate                            0x08005f81   Thumb Code   220  observer_drv.o(i.PLL_Calculate)
    Pack_Transform                           0x08006069   Thumb Code    42  foc_drv.o(i.Pack_Transform)
    PendSV_Handler                           0x08006093   Thumb Code     2  stm32g4xx_it.o(i.PendSV_Handler)
    SMO_Calculate                            0x08006095   Thumb Code   222  observer_drv.o(i.SMO_Calculate)
    SVC_Handler                              0x08006355   Thumb Code     2  stm32g4xx_it.o(i.SVC_Handler)
    Sensorless_Control                       0x08006359   Thumb Code  1832  motor_sensorless.o(i.Sensorless_Control)
    Sensoruse_Control                        0x08006a85   Thumb Code   802  motor_sensoruse.o(i.Sensoruse_Control)
    SysTick_Handler                          0x08006dc5   Thumb Code     4  stm32g4xx_it.o(i.SysTick_Handler)
    SystemClock_Config                       0x08006dc9   Thumb Code   102  main.o(i.SystemClock_Config)
    SystemInit                               0x08006e31   Thumb Code    12  system_stm32g4xx.o(i.SystemInit)
    TIM1_UP_TIM16_IRQHandler                 0x08006e41   Thumb Code     6  stm32g4xx_it.o(i.TIM1_UP_TIM16_IRQHandler)
    TIM2_IRQHandler                          0x08006e4d   Thumb Code     6  stm32g4xx_it.o(i.TIM2_IRQHandler)
    TIM_Base_SetConfig                       0x08006e59   Thumb Code   160  stm32g4xx_hal_tim.o(i.TIM_Base_SetConfig)
    TIM_CCxChannelCmd                        0x08006f15   Thumb Code    26  stm32g4xx_hal_tim.o(i.TIM_CCxChannelCmd)
    TIM_ETR_SetConfig                        0x08006f2f   Thumb Code    20  stm32g4xx_hal_tim.o(i.TIM_ETR_SetConfig)
    TIM_OC2_SetConfig                        0x08006ff5   Thumb Code   120  stm32g4xx_hal_tim.o(i.TIM_OC2_SetConfig)
    T_Shaped_Acc_Dec                         0x080072cd   Thumb Code   138  speed_drv.o(i.T_Shaped_Acc_Dec)
    UART_AdvFeatureConfig                    0x080073a1   Thumb Code   200  stm32g4xx_hal_uart.o(i.UART_AdvFeatureConfig)
    UART_CheckIdleState                      0x08007469   Thumb Code   172  stm32g4xx_hal_uart.o(i.UART_CheckIdleState)
    UART_SetConfig                           0x08007645   Thumb Code   580  stm32g4xx_hal_uart.o(i.UART_SetConfig)
    UART_WaitOnFlagUntilTimeout              0x080078b5   Thumb Code   146  stm32g4xx_hal_uart.o(i.UART_WaitOnFlagUntilTimeout)
    USART1_IRQHandler                        0x08007949   Thumb Code     6  stm32g4xx_it.o(i.USART1_IRQHandler)
    UsageFault_Handler                       0x08007955   Thumb Code     2  stm32g4xx_it.o(i.UsageFault_Handler)
    Usart_Task                               0x08007959   Thumb Code   120  usart_task.o(i.Usart_Task)
    __scatterload_copy                       0x08007a05   Thumb Code    14  handlers.o(i.__scatterload_copy)
    __scatterload_null                       0x08007a13   Thumb Code     2  handlers.o(i.__scatterload_null)
    __scatterload_zeroinit                   0x08007a15   Thumb Code    14  handlers.o(i.__scatterload_zeroinit)
    main                                     0x08007a25   Thumb Code   114  main.o(i.main)
    mypow                                    0x08007a9d   Thumb Code    16  lcd_drv.o(i.mypow)
    UARTPrescTable                           0x08007aac   Data          24  stm32g4xx_hal_uart.o(.constdata)
    AHBPrescTable                            0x08007ad4   Data          16  system_stm32g4xx.o(.constdata)
    APBPrescTable                            0x08007ae4   Data           8  system_stm32g4xx.o(.constdata)
    ascii_1206                               0x08007aec   Data        1140  lcd_drv.o(.constdata)
    ascii_1608                               0x08007f60   Data        1520  lcd_drv.o(.constdata)
    ascii_2412                               0x08008550   Data        4560  lcd_drv.o(.constdata)
    ascii_3216                               0x08009720   Data        6080  lcd_drv.o(.constdata)
    tfont12                                  0x0800aee0   Data         572  lcd_drv.o(.constdata)
    tfont16                                  0x0800b11c   Data        1496  lcd_drv.o(.constdata)
    tfont24                                  0x0800b6f4   Data         296  lcd_drv.o(.constdata)
    tfont32                                  0x0800b81c   Data         650  lcd_drv.o(.constdata)
    Sin_Cos_Table                            0x0800baa6   Data         512  math_drv.o(.constdata)
    Region$$Table$$Base                      0x0800bca8   Number         0  anon$$obj.o(Region$$Table)
    Region$$Table$$Limit                     0x0800bcc8   Number         0  anon$$obj.o(Region$$Table)
    uwTickPrio                               0x20000000   Data           4  stm32g4xx_hal.o(.data)
    uwTickFreq                               0x20000004   Data           4  stm32g4xx_hal.o(.data)
    uwTick                                   0x20000008   Data           4  stm32g4xx_hal.o(.data)
    SystemCoreClock                          0x2000000c   Data           4  system_stm32g4xx.o(.data)
    LedTaskId                                0x20000010   Data           2  led_task.o(.data)
    LedTaskTim                               0x20000012   Data           2  led_task.o(.data)
    YCursor                                  0x20000014   Data           1  lcd_mid.o(.data)
    YCursorLast                              0x20000015   Data           1  lcd_mid.o(.data)
    InitPage1                                0x20000016   Data           1  lcd_mid.o(.data)
    InitPage2                                0x20000017   Data           1  lcd_mid.o(.data)
    LcdTaskId                                0x20000018   Data           2  lcd_task.o(.data)
    LcdTaskTim                               0x2000001a   Data           2  lcd_task.o(.data)
    KeyNum                                   0x2000001c   Data           1  key_drv.o(.data)
    button                                   0x2000001e   Data           8  key_drv.o(.data)
    KeyTaskId                                0x20000026   Data           2  key_task.o(.data)
    KeyTaskTim                               0x20000028   Data           2  key_task.o(.data)
    UsartTaskId                              0x2000002a   Data           2  usart_task.o(.data)
    UsartTaskTim                             0x2000002c   Data           2  usart_task.o(.data)
    hadc2                                    0x20000038   Data         108  main.o(.bss)
    hspi3                                    0x200000a4   Data         100  main.o(.bss)
    htim1                                    0x20000108   Data          76  main.o(.bss)
    htim2                                    0x20000154   Data          76  main.o(.bss)
    htim3                                    0x200001a0   Data          76  main.o(.bss)
    huart1                                   0x200001ec   Data         148  main.o(.bss)
    hdma_adc2                                0x20000280   Data          96  main.o(.bss)
    hdma_usart1_tx                           0x200002e0   Data          96  main.o(.bss)
    TxData                                   0x20000340   Data          16  usart_task.o(.bss)
    MC                                       0x20000350   Data         864  motor_publicdata.o(.bss)
    __initial_sp                             0x20000ab0   Data           0  startup_stm32g431xx.o(STACK)



==============================================================================

Memory Map of the image

  Image Entry point : 0x080001d9

  Load Region LR_IROM1 (Base: 0x08000000, Size: 0x0000bd00, Max: 0x00020000, ABSOLUTE)

    Execution Region ER_IROM1 (Exec base: 0x08000000, Load base: 0x08000000, Size: 0x0000bcc8, Max: 0x00020000, ABSOLUTE)

    Exec Addr    Load Addr    Size         Type   Attr      Idx    E Section Name        Object

    0x08000000   0x08000000   0x000001d8   Data   RO            3    RESET               startup_stm32g431xx.o
    0x080001d8   0x080001d8   0x00000000   Code   RO         5344  * .ARM.Collect$$$$00000000  mc_w.l(entry.o)
    0x080001d8   0x080001d8   0x00000004   Code   RO         5351    .ARM.Collect$$$$00000001  mc_w.l(entry2.o)
    0x080001dc   0x080001dc   0x00000004   Code   RO         5354    .ARM.Collect$$$$00000004  mc_w.l(entry5.o)
    0x080001e0   0x080001e0   0x00000000   Code   RO         5356    .ARM.Collect$$$$00000008  mc_w.l(entry7b.o)
    0x080001e0   0x080001e0   0x00000000   Code   RO         5358    .ARM.Collect$$$$0000000A  mc_w.l(entry8b.o)
    0x080001e0   0x080001e0   0x00000008   Code   RO         5359    .ARM.Collect$$$$0000000B  mc_w.l(entry9a.o)
    0x080001e8   0x080001e8   0x00000000   Code   RO         5361    .ARM.Collect$$$$0000000D  mc_w.l(entry10a.o)
    0x080001e8   0x080001e8   0x00000000   Code   RO         5363    .ARM.Collect$$$$0000000F  mc_w.l(entry11a.o)
    0x080001e8   0x080001e8   0x00000004   Code   RO         5352    .ARM.Collect$$$$00002712  mc_w.l(entry2.o)
    0x080001ec   0x080001ec   0x00000024   Code   RO            4    .text               startup_stm32g431xx.o
    0x08000210   0x08000210   0x00000062   Code   RO         5347    .text               mc_w.l(uldiv.o)
    0x08000272   0x08000272   0x00000024   Code   RO         5349    .text               mc_w.l(memseta.o)
    0x08000296   0x08000296   0x0000001e   Code   RO         5365    .text               mc_w.l(llshl.o)
    0x080002b4   0x080002b4   0x00000020   Code   RO         5367    .text               mc_w.l(llushr.o)
    0x080002d4   0x080002d4   0x00000024   Code   RO         5369    .text               mc_w.l(init.o)
    0x080002f8   0x080002f8   0x0000000c   Code   RO          209    i.ADC1_2_IRQHandler  stm32g4xx_it.o
    0x08000304   0x08000304   0x00000068   Code   RO          417    i.ADC_DMAConvCplt   stm32g4xx_hal_adc.o
    0x0800036c   0x0800036c   0x0000001a   Code   RO          418    i.ADC_DMAError      stm32g4xx_hal_adc.o
    0x08000386   0x08000386   0x0000000a   Code   RO          419    i.ADC_DMAHalfConvCplt  stm32g4xx_hal_adc.o
    0x08000390   0x08000390   0x00000070   Code   RO          420    i.ADC_Disable       stm32g4xx_hal_adc.o
    0x08000400   0x08000400   0x000000ac   Code   RO          421    i.ADC_Enable        stm32g4xx_hal_adc.o
    0x080004ac   0x080004ac   0x00000014   Code   RO         5181    i.Amplitude_Limit   math_drv.o
    0x080004c0   0x080004c0   0x00000002   Code   RO          210    i.BusFault_Handler  stm32g4xx_it.o
    0x080004c2   0x080004c2   0x00000066   Code   RO         5115    i.Calculate_Adc_Offset  sample_drv.o
    0x08000528   0x08000528   0x00000022   Code   RO         5116    i.Calculate_Bus_Voltage  sample_drv.o
    0x0800054a   0x0800054a   0x0000002a   Code   RO         5085    i.Calculate_Encoder_Data  encoder_drv.o
    0x08000574   0x08000574   0x00000046   Code   RO         5117    i.Calculate_Phase_Current  sample_drv.o
    0x080005ba   0x080005ba   0x00000060   Code   RO         5025    i.Calculate_Position  position_drv.o
    0x0800061a   0x0800061a   0x00000002   PAD
    0x0800061c   0x0800061c   0x000001fc   Code   RO         5214    i.Calculate_SVPWM   foc_drv.o
    0x08000818   0x08000818   0x00000100   Code   RO         5182    i.Calculate_Sin_Cos  math_drv.o
    0x08000918   0x08000918   0x0000006c   Code   RO         5151    i.Calculate_Speed   speed_drv.o
    0x08000984   0x08000984   0x0000002c   Code   RO         5215    i.Clark_Transform   foc_drv.o
    0x080009b0   0x080009b0   0x0000000c   Code   RO          211    i.DMA1_Channel1_IRQHandler  stm32g4xx_it.o
    0x080009bc   0x080009bc   0x0000000c   Code   RO          212    i.DMA1_Channel2_IRQHandler  stm32g4xx_it.o
    0x080009c8   0x080009c8   0x00000040   Code   RO         1724    i.DMA_CalcDMAMUXChannelBaseAndMask  stm32g4xx_hal_dma.o
    0x08000a08   0x08000a08   0x00000024   Code   RO         1725    i.DMA_CalcDMAMUXRequestGenBaseAndMask  stm32g4xx_hal_dma.o
    0x08000a2c   0x08000a2c   0x0000003e   Code   RO         1726    i.DMA_SetConfig     stm32g4xx_hal_dma.o
    0x08000a6a   0x08000a6a   0x00000002   Code   RO          213    i.DebugMon_Handler  stm32g4xx_it.o
    0x08000a6c   0x08000a6c   0x00000064   Code   RO         5086    i.Electrical_Angle_Generator  encoder_drv.o
    0x08000ad0   0x08000ad0   0x00000004   Code   RO           13    i.Error_Handler     main.o
    0x08000ad4   0x08000ad4   0x000000b8   Code   RO         5286    i.Global_Init       global_control.o
    0x08000b8c   0x08000b8c   0x00000004   Code   RO         5287    i.Global_Loop       global_control.o
    0x08000b90   0x08000b90   0x00000094   Code   RO          659    i.HAL_ADCEx_Calibration_Start  stm32g4xx_hal_adc_ex.o
    0x08000c24   0x08000c24   0x00000002   Code   RO          663    i.HAL_ADCEx_EndOfSamplingCallback  stm32g4xx_hal_adc_ex.o
    0x08000c26   0x08000c26   0x00000002   PAD
    0x08000c28   0x08000c28   0x00000510   Code   RO          665    i.HAL_ADCEx_InjectedConfigChannel  stm32g4xx_hal_adc_ex.o
    0x08001138   0x08001138   0x00000054   Code   RO         5288    i.HAL_ADCEx_InjectedConvCpltCallback  global_control.o
    0x0800118c   0x0800118c   0x00000002   Code   RO          669    i.HAL_ADCEx_InjectedQueueOverflowCallback  stm32g4xx_hal_adc_ex.o
    0x0800118e   0x0800118e   0x00000002   PAD
    0x08001190   0x08001190   0x00000128   Code   RO          671    i.HAL_ADCEx_InjectedStart_IT  stm32g4xx_hal_adc_ex.o
    0x080012b8   0x080012b8   0x00000002   Code   RO          674    i.HAL_ADCEx_LevelOutOfWindow2Callback  stm32g4xx_hal_adc_ex.o
    0x080012ba   0x080012ba   0x00000002   Code   RO          675    i.HAL_ADCEx_LevelOutOfWindow3Callback  stm32g4xx_hal_adc_ex.o
    0x080012bc   0x080012bc   0x0000041c   Code   RO          423    i.HAL_ADC_ConfigChannel  stm32g4xx_hal_adc.o
    0x080016d8   0x080016d8   0x00000002   Code   RO          424    i.HAL_ADC_ConvCpltCallback  stm32g4xx_hal_adc.o
    0x080016da   0x080016da   0x00000002   Code   RO          425    i.HAL_ADC_ConvHalfCpltCallback  stm32g4xx_hal_adc.o
    0x080016dc   0x080016dc   0x00000002   Code   RO          427    i.HAL_ADC_ErrorCallback  stm32g4xx_hal_adc.o
    0x080016de   0x080016de   0x00000002   PAD
    0x080016e0   0x080016e0   0x0000026c   Code   RO          431    i.HAL_ADC_IRQHandler  stm32g4xx_hal_adc.o
    0x0800194c   0x0800194c   0x000001f0   Code   RO          432    i.HAL_ADC_Init      stm32g4xx_hal_adc.o
    0x08001b3c   0x08001b3c   0x00000002   Code   RO          433    i.HAL_ADC_LevelOutOfWindowCallback  stm32g4xx_hal_adc.o
    0x08001b3e   0x08001b3e   0x00000002   PAD
    0x08001b40   0x08001b40   0x00000104   Code   RO          326    i.HAL_ADC_MspInit   stm32g4xx_hal_msp.o
    0x08001c44   0x08001c44   0x000000f0   Code   RO          440    i.HAL_ADC_Start_DMA  stm32g4xx_hal_adc.o
    0x08001d34   0x08001d34   0x0000006a   Code   RO         1727    i.HAL_DMA_Abort     stm32g4xx_hal_dma.o
    0x08001d9e   0x08001d9e   0x00000078   Code   RO         1728    i.HAL_DMA_Abort_IT  stm32g4xx_hal_dma.o
    0x08001e16   0x08001e16   0x000000ba   Code   RO         1732    i.HAL_DMA_IRQHandler  stm32g4xx_hal_dma.o
    0x08001ed0   0x08001ed0   0x000000c0   Code   RO         1733    i.HAL_DMA_Init      stm32g4xx_hal_dma.o
    0x08001f90   0x08001f90   0x0000008c   Code   RO         1737    i.HAL_DMA_Start_IT  stm32g4xx_hal_dma.o
    0x0800201c   0x0800201c   0x00000024   Code   RO          880    i.HAL_Delay         stm32g4xx_hal.o
    0x08002040   0x08002040   0x000001b0   Code   RO         1589    i.HAL_GPIO_Init     stm32g4xx_hal_gpio.o
    0x080021f0   0x080021f0   0x0000000a   Code   RO         1591    i.HAL_GPIO_ReadPin  stm32g4xx_hal_gpio.o
    0x080021fa   0x080021fa   0x00000010   Code   RO         1592    i.HAL_GPIO_TogglePin  stm32g4xx_hal_gpio.o
    0x0800220a   0x0800220a   0x0000000a   Code   RO         1593    i.HAL_GPIO_WritePin  stm32g4xx_hal_gpio.o
    0x08002214   0x08002214   0x0000000c   Code   RO          884    i.HAL_GetTick       stm32g4xx_hal.o
    0x08002220   0x08002220   0x00000010   Code   RO          890    i.HAL_IncTick       stm32g4xx_hal.o
    0x08002230   0x08002230   0x0000001e   Code   RO          891    i.HAL_Init          stm32g4xx_hal.o
    0x0800224e   0x0800224e   0x00000002   PAD
    0x08002250   0x08002250   0x00000044   Code   RO          892    i.HAL_InitTick      stm32g4xx_hal.o
    0x08002294   0x08002294   0x00000030   Code   RO          327    i.HAL_MspInit       stm32g4xx_hal_msp.o
    0x080022c4   0x080022c4   0x0000001a   Code   RO         2238    i.HAL_NVIC_EnableIRQ  stm32g4xx_hal_cortex.o
    0x080022de   0x080022de   0x00000002   PAD
    0x080022e0   0x080022e0   0x00000040   Code   RO         2244    i.HAL_NVIC_SetPriority  stm32g4xx_hal_cortex.o
    0x08002320   0x08002320   0x00000024   Code   RO         2245    i.HAL_NVIC_SetPriorityGrouping  stm32g4xx_hal_cortex.o
    0x08002344   0x08002344   0x000000bc   Code   RO         1992    i.HAL_PWREx_ControlVoltageScaling  stm32g4xx_hal_pwr_ex.o
    0x08002400   0x08002400   0x00000010   Code   RO         2004    i.HAL_PWREx_DisableUCPDDeadBattery  stm32g4xx_hal_pwr_ex.o
    0x08002410   0x08002410   0x0000029c   Code   RO         1251    i.HAL_RCCEx_PeriphCLKConfig  stm32g4xx_hal_rcc_ex.o
    0x080026ac   0x080026ac   0x000001cc   Code   RO         1126    i.HAL_RCC_ClockConfig  stm32g4xx_hal_rcc.o
    0x08002878   0x08002878   0x00000024   Code   RO         1134    i.HAL_RCC_GetPCLK1Freq  stm32g4xx_hal_rcc.o
    0x0800289c   0x0800289c   0x00000024   Code   RO         1135    i.HAL_RCC_GetPCLK2Freq  stm32g4xx_hal_rcc.o
    0x080028c0   0x080028c0   0x00000058   Code   RO         1136    i.HAL_RCC_GetSysClockFreq  stm32g4xx_hal_rcc.o
    0x08002918   0x08002918   0x000003f4   Code   RO         1139    i.HAL_RCC_OscConfig  stm32g4xx_hal_rcc.o
    0x08002d0c   0x08002d0c   0x000000ea   Code   RO         2389    i.HAL_SPI_Init      stm32g4xx_hal_spi.o
    0x08002df6   0x08002df6   0x00000002   PAD
    0x08002df8   0x08002df8   0x00000068   Code   RO          329    i.HAL_SPI_MspInit   stm32g4xx_hal_msp.o
    0x08002e60   0x08002e60   0x0000018a   Code   RO         2397    i.HAL_SPI_Transmit  stm32g4xx_hal_spi.o
    0x08002fea   0x08002fea   0x00000028   Code   RO         2249    i.HAL_SYSTICK_Config  stm32g4xx_hal_cortex.o
    0x08003012   0x08003012   0x00000002   Code   RO         3445    i.HAL_TIMEx_Break2Callback  stm32g4xx_hal_tim_ex.o
    0x08003014   0x08003014   0x00000002   Code   RO         3446    i.HAL_TIMEx_BreakCallback  stm32g4xx_hal_tim_ex.o
    0x08003016   0x08003016   0x00000002   Code   RO         3447    i.HAL_TIMEx_CommutCallback  stm32g4xx_hal_tim_ex.o
    0x08003018   0x08003018   0x0000009c   Code   RO         3450    i.HAL_TIMEx_ConfigBreakDeadTime  stm32g4xx_hal_tim_ex.o
    0x080030b4   0x080030b4   0x00000002   Code   RO         3458    i.HAL_TIMEx_DirectionChangeCallback  stm32g4xx_hal_tim_ex.o
    0x080030b6   0x080030b6   0x00000002   Code   RO         3472    i.HAL_TIMEx_EncoderIndexCallback  stm32g4xx_hal_tim_ex.o
    0x080030b8   0x080030b8   0x00000002   Code   RO         3486    i.HAL_TIMEx_IndexErrorCallback  stm32g4xx_hal_tim_ex.o
    0x080030ba   0x080030ba   0x00000002   PAD
    0x080030bc   0x080030bc   0x0000009c   Code   RO         3487    i.HAL_TIMEx_MasterConfigSynchronization  stm32g4xx_hal_tim_ex.o
    0x08003158   0x08003158   0x00000002   Code   RO         3508    i.HAL_TIMEx_TransitionErrorCallback  stm32g4xx_hal_tim_ex.o
    0x0800315a   0x0800315a   0x00000062   Code   RO         2731    i.HAL_TIM_Base_Init  stm32g4xx_hal_tim.o
    0x080031bc   0x080031bc   0x00000060   Code   RO          331    i.HAL_TIM_Base_MspInit  stm32g4xx_hal_msp.o
    0x0800321c   0x0800321c   0x00000078   Code   RO         2736    i.HAL_TIM_Base_Start_IT  stm32g4xx_hal_tim.o
    0x08003294   0x08003294   0x00000100   Code   RO         2740    i.HAL_TIM_ConfigClockSource  stm32g4xx_hal_tim.o
    0x08003394   0x08003394   0x000000a8   Code   RO         2752    i.HAL_TIM_Encoder_Init  stm32g4xx_hal_tim.o
    0x0800343c   0x0800343c   0x00000064   Code   RO          333    i.HAL_TIM_Encoder_MspInit  stm32g4xx_hal_msp.o
    0x080034a0   0x080034a0   0x00000092   Code   RO         2755    i.HAL_TIM_Encoder_Start  stm32g4xx_hal_tim.o
    0x08003532   0x08003532   0x00000002   Code   RO         2765    i.HAL_TIM_IC_CaptureCallback  stm32g4xx_hal_tim.o
    0x08003534   0x08003534   0x000001a2   Code   RO         2779    i.HAL_TIM_IRQHandler  stm32g4xx_hal_tim.o
    0x080036d6   0x080036d6   0x00000002   PAD
    0x080036d8   0x080036d8   0x00000054   Code   RO          334    i.HAL_TIM_MspPostInit  stm32g4xx_hal_msp.o
    0x0800372c   0x0800372c   0x00000002   Code   RO         2782    i.HAL_TIM_OC_DelayElapsedCallback  stm32g4xx_hal_tim.o
    0x0800372e   0x0800372e   0x00000124   Code   RO         2803    i.HAL_TIM_PWM_ConfigChannel  stm32g4xx_hal_tim.o
    0x08003852   0x08003852   0x00000062   Code   RO         2806    i.HAL_TIM_PWM_Init  stm32g4xx_hal_tim.o
    0x080038b4   0x080038b4   0x00000002   Code   RO         2808    i.HAL_TIM_PWM_MspInit  stm32g4xx_hal_tim.o
    0x080038b6   0x080038b6   0x00000002   Code   RO         2809    i.HAL_TIM_PWM_PulseFinishedCallback  stm32g4xx_hal_tim.o
    0x080038b8   0x080038b8   0x00000108   Code   RO         2811    i.HAL_TIM_PWM_Start  stm32g4xx_hal_tim.o
    0x080039c0   0x080039c0   0x0000006c   Code   RO         5289    i.HAL_TIM_PeriodElapsedCallback  global_control.o
    0x08003a2c   0x08003a2c   0x00000002   Code   RO         2822    i.HAL_TIM_TriggerCallback  stm32g4xx_hal_tim.o
    0x08003a2e   0x08003a2e   0x0000003e   Code   RO         4294    i.HAL_UARTEx_DisableFifoMode  stm32g4xx_hal_uart_ex.o
    0x08003a6c   0x08003a6c   0x00000002   Code   RO         3883    i.HAL_UARTEx_RxEventCallback  stm32g4xx_hal_uart.o
    0x08003a6e   0x08003a6e   0x00000002   Code   RO         4302    i.HAL_UARTEx_RxFifoFullCallback  stm32g4xx_hal_uart_ex.o
    0x08003a70   0x08003a70   0x0000004c   Code   RO         4303    i.HAL_UARTEx_SetRxFifoThreshold  stm32g4xx_hal_uart_ex.o
    0x08003abc   0x08003abc   0x0000004c   Code   RO         4304    i.HAL_UARTEx_SetTxFifoThreshold  stm32g4xx_hal_uart_ex.o
    0x08003b08   0x08003b08   0x00000002   Code   RO         4306    i.HAL_UARTEx_TxFifoEmptyCallback  stm32g4xx_hal_uart_ex.o
    0x08003b0a   0x08003b0a   0x00000002   Code   RO         4307    i.HAL_UARTEx_WakeupCallback  stm32g4xx_hal_uart_ex.o
    0x08003b0c   0x08003b0c   0x00000002   Code   RO         3899    i.HAL_UART_ErrorCallback  stm32g4xx_hal_uart.o
    0x08003b0e   0x08003b0e   0x00000002   PAD
    0x08003b10   0x08003b10   0x0000031c   Code   RO         3902    i.HAL_UART_IRQHandler  stm32g4xx_hal_uart.o
    0x08003e2c   0x08003e2c   0x0000006a   Code   RO         3903    i.HAL_UART_Init     stm32g4xx_hal_uart.o
    0x08003e96   0x08003e96   0x00000002   PAD
    0x08003e98   0x08003e98   0x000000c0   Code   RO          336    i.HAL_UART_MspInit  stm32g4xx_hal_msp.o
    0x08003f58   0x08003f58   0x00000090   Code   RO         3913    i.HAL_UART_Transmit_DMA  stm32g4xx_hal_uart.o
    0x08003fe8   0x08003fe8   0x00000002   Code   RO         3915    i.HAL_UART_TxCpltCallback  stm32g4xx_hal_uart.o
    0x08003fea   0x08003fea   0x00000002   Code   RO         3916    i.HAL_UART_TxHalfCpltCallback  stm32g4xx_hal_uart.o
    0x08003fec   0x08003fec   0x0000019c   Code   RO         5049    i.HFI_Calculate     observer_drv.o
    0x08004188   0x08004188   0x00000002   Code   RO          214    i.HardFault_Handler  stm32g4xx_it.o
    0x0800418a   0x0800418a   0x0000002a   Code   RO         5216    i.IPack_Transform   foc_drv.o
    0x080041b4   0x080041b4   0x00000090   Code   RO         4755    i.Key_Process       key_drv.o
    0x08004244   0x08004244   0x00000030   Code   RO         4756    i.Key_Scan          key_drv.o
    0x08004274   0x08004274   0x0000002c   Code   RO         4791    i.Key_Task          key_task.o
    0x080042a0   0x080042a0   0x0000003e   Code   RO         4481    i.LCD_Address_Set   lcd_drv.o
    0x080042de   0x080042de   0x00000012   Code   RO         4635    i.LCD_Clear         lcd_mid.o
    0x080042f0   0x080042f0   0x0000001e   Code   RO         4636    i.LCD_Display_Logo  lcd_mid.o
    0x0800430e   0x0800430e   0x00000002   PAD
    0x08004310   0x08004310   0x000004b0   Code   RO         4637    i.LCD_Display_Page1  lcd_mid.o
    0x080047c0   0x080047c0   0x00000168   Code   RO         4638    i.LCD_Display_Page2  lcd_mid.o
    0x08004928   0x08004928   0x00000098   Code   RO         4482    i.LCD_DrawLine      lcd_drv.o
    0x080049c0   0x080049c0   0x00000016   Code   RO         4483    i.LCD_DrawPoint     lcd_drv.o
    0x080049d6   0x080049d6   0x0000003e   Code   RO         4485    i.LCD_Fill          lcd_drv.o
    0x08004a14   0x08004a14   0x00000208   Code   RO         4486    i.LCD_Init          lcd_drv.o
    0x08004c1c   0x08004c1c   0x00000110   Code   RO         4487    i.LCD_ShowChar      lcd_drv.o
    0x08004d2c   0x08004d2c   0x00000086   Code   RO         4488    i.LCD_ShowChinese   lcd_drv.o
    0x08004db2   0x08004db2   0x00000002   PAD
    0x08004db4   0x08004db4   0x000000f4   Code   RO         4489    i.LCD_ShowChinese12x12  lcd_drv.o
    0x08004ea8   0x08004ea8   0x000000f0   Code   RO         4490    i.LCD_ShowChinese16x16  lcd_drv.o
    0x08004f98   0x08004f98   0x000000f4   Code   RO         4491    i.LCD_ShowChinese24x24  lcd_drv.o
    0x0800508c   0x0800508c   0x000000f0   Code   RO         4492    i.LCD_ShowChinese32x32  lcd_drv.o
    0x0800517c   0x0800517c   0x000000a0   Code   RO         4493    i.LCD_ShowFloatNum1  lcd_drv.o
    0x0800521c   0x0800521c   0x0000007e   Code   RO         4494    i.LCD_ShowIntNum    lcd_drv.o
    0x0800529a   0x0800529a   0x0000003a   Code   RO         4496    i.LCD_ShowString    lcd_drv.o
    0x080052d4   0x080052d4   0x00000014   Code   RO         4497    i.LCD_WR_DATA       lcd_drv.o
    0x080052e8   0x080052e8   0x00000028   Code   RO         4499    i.LCD_WR_REG        lcd_drv.o
    0x08005310   0x08005310   0x00000030   Code   RO         4500    i.LCD_Writ_Bus      lcd_drv.o
    0x08005340   0x08005340   0x0000000c   Code   RO          446    i.LL_ADC_GetOffsetChannel  stm32g4xx_hal_adc.o
    0x0800534c   0x0800534c   0x0000000c   Code   RO          684    i.LL_ADC_GetOffsetChannel  stm32g4xx_hal_adc_ex.o
    0x08005358   0x08005358   0x00000008   Code   RO          447    i.LL_ADC_INJ_IsConversionOngoing  stm32g4xx_hal_adc.o
    0x08005360   0x08005360   0x00000008   Code   RO          685    i.LL_ADC_INJ_IsConversionOngoing  stm32g4xx_hal_adc_ex.o
    0x08005368   0x08005368   0x00000008   Code   RO          448    i.LL_ADC_IsEnabled  stm32g4xx_hal_adc.o
    0x08005370   0x08005370   0x00000008   Code   RO          686    i.LL_ADC_IsEnabled  stm32g4xx_hal_adc_ex.o
    0x08005378   0x08005378   0x00000008   Code   RO          449    i.LL_ADC_REG_IsConversionOngoing  stm32g4xx_hal_adc.o
    0x08005380   0x08005380   0x00000008   Code   RO          687    i.LL_ADC_REG_IsConversionOngoing  stm32g4xx_hal_adc_ex.o
    0x08005388   0x08005388   0x00000010   Code   RO          450    i.LL_ADC_REG_IsTriggerSourceSWStart  stm32g4xx_hal_adc.o
    0x08005398   0x08005398   0x0000001e   Code   RO          452    i.LL_ADC_SetChannelSamplingTime  stm32g4xx_hal_adc.o
    0x080053b6   0x080053b6   0x0000001e   Code   RO          688    i.LL_ADC_SetChannelSamplingTime  stm32g4xx_hal_adc_ex.o
    0x080053d4   0x080053d4   0x00000010   Code   RO          453    i.LL_ADC_SetOffsetState  stm32g4xx_hal_adc.o
    0x080053e4   0x080053e4   0x00000010   Code   RO          689    i.LL_ADC_SetOffsetState  stm32g4xx_hal_adc_ex.o
    0x080053f4   0x080053f4   0x00000118   Code   RO         4724    i.Lcd_Task          lcd_task.o
    0x0800550c   0x0800550c   0x00000038   Code   RO         4450    i.Led_Task          led_task.o
    0x08005544   0x08005544   0x00000114   Code   RO           14    i.MX_ADC2_Init      main.o
    0x08005658   0x08005658   0x00000140   Code   RO           15    i.MX_GPIO_Init      main.o
    0x08005798   0x08005798   0x00000050   Code   RO           16    i.MX_SPI3_Init      main.o
    0x080057e8   0x080057e8   0x00000110   Code   RO           17    i.MX_TIM1_Init      main.o
    0x080058f8   0x080058f8   0x00000068   Code   RO           18    i.MX_TIM2_Init      main.o
    0x08005960   0x08005960   0x0000006c   Code   RO           19    i.MX_TIM3_Init      main.o
    0x080059cc   0x080059cc   0x00000064   Code   RO           20    i.MX_USART1_UART_Init  main.o
    0x08005a30   0x08005a30   0x00000002   Code   RO          215    i.MemManage_Handler  stm32g4xx_it.o
    0x08005a32   0x08005a32   0x00000002   PAD
    0x08005a34   0x08005a34   0x0000024c   Code   RO         4922    i.Motor_Identify    motor_identify.o
    0x08005c80   0x08005c80   0x00000194   Code   RO         4995    i.Motor_Struct_Init  motor_publicdata.o
    0x08005e14   0x08005e14   0x00000004   Code   RO         4852    i.Motor_System_Init  motor_system.o
    0x08005e18   0x08005e18   0x000000d8   Code   RO         4853    i.Motor_System_Run  motor_system.o
    0x08005ef0   0x08005ef0   0x00000002   Code   RO          216    i.NMI_Handler       stm32g4xx_it.o
    0x08005ef2   0x08005ef2   0x0000008c   Code   RO         5257    i.PID_Control       pid_drv.o
    0x08005f7e   0x08005f7e   0x00000002   PAD
    0x08005f80   0x08005f80   0x000000e8   Code   RO         5050    i.PLL_Calculate     observer_drv.o
    0x08006068   0x08006068   0x0000002a   Code   RO         5217    i.Pack_Transform    foc_drv.o
    0x08006092   0x08006092   0x00000002   Code   RO          217    i.PendSV_Handler    stm32g4xx_it.o
    0x08006094   0x08006094   0x000000e4   Code   RO         5051    i.SMO_Calculate     observer_drv.o
    0x08006178   0x08006178   0x00000048   Code   RO         2427    i.SPI_EndRxTxTransaction  stm32g4xx_hal_spi.o
    0x080061c0   0x080061c0   0x000000dc   Code   RO         2432    i.SPI_WaitFifoStateUntilTimeout  stm32g4xx_hal_spi.o
    0x0800629c   0x0800629c   0x000000b8   Code   RO         2433    i.SPI_WaitFlagStateUntilTimeout  stm32g4xx_hal_spi.o
    0x08006354   0x08006354   0x00000002   Code   RO          218    i.SVC_Handler       stm32g4xx_it.o
    0x08006356   0x08006356   0x00000002   PAD
    0x08006358   0x08006358   0x0000072c   Code   RO         4970    i.Sensorless_Control  motor_sensorless.o
    0x08006a84   0x08006a84   0x00000340   Code   RO         4946    i.Sensoruse_Control  motor_sensoruse.o
    0x08006dc4   0x08006dc4   0x00000004   Code   RO          219    i.SysTick_Handler   stm32g4xx_it.o
    0x08006dc8   0x08006dc8   0x00000066   Code   RO           21    i.SystemClock_Config  main.o
    0x08006e2e   0x08006e2e   0x00000002   PAD
    0x08006e30   0x08006e30   0x00000010   Code   RO         4413    i.SystemInit        system_stm32g4xx.o
    0x08006e40   0x08006e40   0x0000000c   Code   RO          220    i.TIM1_UP_TIM16_IRQHandler  stm32g4xx_it.o
    0x08006e4c   0x08006e4c   0x0000000c   Code   RO          221    i.TIM2_IRQHandler   stm32g4xx_it.o
    0x08006e58   0x08006e58   0x000000bc   Code   RO         2824    i.TIM_Base_SetConfig  stm32g4xx_hal_tim.o
    0x08006f14   0x08006f14   0x0000001a   Code   RO         2825    i.TIM_CCxChannelCmd  stm32g4xx_hal_tim.o
    0x08006f2e   0x08006f2e   0x00000014   Code   RO         2835    i.TIM_ETR_SetConfig  stm32g4xx_hal_tim.o
    0x08006f42   0x08006f42   0x00000002   PAD
    0x08006f44   0x08006f44   0x00000014   Code   RO         2836    i.TIM_ITRx_SetConfig  stm32g4xx_hal_tim.o
    0x08006f58   0x08006f58   0x0000009c   Code   RO         2837    i.TIM_OC1_SetConfig  stm32g4xx_hal_tim.o
    0x08006ff4   0x08006ff4   0x00000090   Code   RO         2838    i.TIM_OC2_SetConfig  stm32g4xx_hal_tim.o
    0x08007084   0x08007084   0x00000090   Code   RO         2839    i.TIM_OC3_SetConfig  stm32g4xx_hal_tim.o
    0x08007114   0x08007114   0x00000090   Code   RO         2840    i.TIM_OC4_SetConfig  stm32g4xx_hal_tim.o
    0x080071a4   0x080071a4   0x00000070   Code   RO         2841    i.TIM_OC5_SetConfig  stm32g4xx_hal_tim.o
    0x08007214   0x08007214   0x00000070   Code   RO         2842    i.TIM_OC6_SetConfig  stm32g4xx_hal_tim.o
    0x08007284   0x08007284   0x00000022   Code   RO         2844    i.TIM_TI1_ConfigInputStage  stm32g4xx_hal_tim.o
    0x080072a6   0x080072a6   0x00000024   Code   RO         2846    i.TIM_TI2_ConfigInputStage  stm32g4xx_hal_tim.o
    0x080072ca   0x080072ca   0x00000002   PAD
    0x080072cc   0x080072cc   0x00000090   Code   RO         5152    i.T_Shaped_Acc_Dec  speed_drv.o
    0x0800735c   0x0800735c   0x00000044   Code   RO         4308    i.UARTEx_SetNbDataToProcess  stm32g4xx_hal_uart_ex.o
    0x080073a0   0x080073a0   0x000000c8   Code   RO         3917    i.UART_AdvFeatureConfig  stm32g4xx_hal_uart.o
    0x08007468   0x08007468   0x000000ac   Code   RO         3918    i.UART_CheckIdleState  stm32g4xx_hal_uart.o
    0x08007514   0x08007514   0x00000010   Code   RO         3919    i.UART_DMAAbortOnError  stm32g4xx_hal_uart.o
    0x08007524   0x08007524   0x00000050   Code   RO         3920    i.UART_DMAError     stm32g4xx_hal_uart.o
    0x08007574   0x08007574   0x00000042   Code   RO         3925    i.UART_DMATransmitCplt  stm32g4xx_hal_uart.o
    0x080075b6   0x080075b6   0x0000000a   Code   RO         3927    i.UART_DMATxHalfCplt  stm32g4xx_hal_uart.o
    0x080075c0   0x080075c0   0x00000054   Code   RO         3929    i.UART_EndRxTransfer  stm32g4xx_hal_uart.o
    0x08007614   0x08007614   0x0000002e   Code   RO         3930    i.UART_EndTxTransfer  stm32g4xx_hal_uart.o
    0x08007642   0x08007642   0x00000002   PAD
    0x08007644   0x08007644   0x00000270   Code   RO         3935    i.UART_SetConfig    stm32g4xx_hal_uart.o
    0x080078b4   0x080078b4   0x00000092   Code   RO         3942    i.UART_WaitOnFlagUntilTimeout  stm32g4xx_hal_uart.o
    0x08007946   0x08007946   0x00000002   PAD
    0x08007948   0x08007948   0x0000000c   Code   RO          222    i.USART1_IRQHandler  stm32g4xx_it.o
    0x08007954   0x08007954   0x00000002   Code   RO          223    i.UsageFault_Handler  stm32g4xx_it.o
    0x08007956   0x08007956   0x00000002   PAD
    0x08007958   0x08007958   0x0000008c   Code   RO         4821    i.Usart_Task        usart_task.o
    0x080079e4   0x080079e4   0x00000020   Code   RO         2251    i.__NVIC_SetPriority  stm32g4xx_hal_cortex.o
    0x08007a04   0x08007a04   0x0000000e   Code   RO         5373    i.__scatterload_copy  mc_w.l(handlers.o)
    0x08007a12   0x08007a12   0x00000002   Code   RO         5374    i.__scatterload_null  mc_w.l(handlers.o)
    0x08007a14   0x08007a14   0x0000000e   Code   RO         5375    i.__scatterload_zeroinit  mc_w.l(handlers.o)
    0x08007a22   0x08007a22   0x00000002   PAD
    0x08007a24   0x08007a24   0x00000078   Code   RO           22    i.main              main.o
    0x08007a9c   0x08007a9c   0x00000010   Code   RO         4501    i.mypow             lcd_drv.o
    0x08007aac   0x08007aac   0x00000018   Data   RO         3943    .constdata          stm32g4xx_hal_uart.o
    0x08007ac4   0x08007ac4   0x00000010   Data   RO         4309    .constdata          stm32g4xx_hal_uart_ex.o
    0x08007ad4   0x08007ad4   0x00000010   Data   RO         4414    .constdata          system_stm32g4xx.o
    0x08007ae4   0x08007ae4   0x00000008   Data   RO         4415    .constdata          system_stm32g4xx.o
    0x08007aec   0x08007aec   0x00003fba   Data   RO         4502    .constdata          lcd_drv.o
    0x0800baa6   0x0800baa6   0x00000200   Data   RO         5183    .constdata          math_drv.o
    0x0800bca6   0x0800bca6   0x00000002   PAD
    0x0800bca8   0x0800bca8   0x00000020   Data   RO         5371    Region$$Table       anon$$obj.o


    Execution Region RW_IRAM1 (Exec base: 0x20000000, Load base: 0x0800bcc8, Size: 0x00000ab0, Max: 0x00008000, ABSOLUTE)

    Exec Addr    Load Addr    Size         Type   Attr      Idx    E Section Name        Object

    0x20000000   0x0800bcc8   0x0000000c   Data   RW          911    .data               stm32g4xx_hal.o
    0x2000000c   0x0800bcd4   0x00000004   Data   RW         4416    .data               system_stm32g4xx.o
    0x20000010   0x0800bcd8   0x00000004   Data   RW         4451    .data               led_task.o
    0x20000014   0x0800bcdc   0x00000004   Data   RW         4639    .data               lcd_mid.o
    0x20000018   0x0800bce0   0x00000004   Data   RW         4725    .data               lcd_task.o
    0x2000001c   0x0800bce4   0x0000000a   Data   RW         4757    .data               key_drv.o
    0x20000026   0x0800bcee   0x00000004   Data   RW         4792    .data               key_task.o
    0x2000002a   0x0800bcf2   0x00000004   Data   RW         4823    .data               usart_task.o
    0x2000002e   0x0800bcf6   0x0000000a   Data   RW         4971    .data               motor_sensorless.o
    0x20000038        -       0x00000248   Zero   RW           23    .bss                main.o
    0x20000280        -       0x00000060   Zero   RW           24    .bss                main.o
    0x200002e0        -       0x00000060   Zero   RW           25    .bss                main.o
    0x20000340        -       0x00000010   Zero   RW         4822    .bss                usart_task.o
    0x20000350        -       0x00000360   Zero   RW         4996    .bss                motor_publicdata.o
    0x200006b0        -       0x00000400   Zero   RW            1    STACK               startup_stm32g431xx.o


==============================================================================

Image component sizes


      Code (inc. data)   RO Data    RW Data    ZI Data      Debug   Object Name

       142         10          0          0          0       1510   encoder_drv.o
       636         42          0          0          0       3491   foc_drv.o
       380         66          0          0          0       3221   global_control.o
       192         16          0         10          0       2305   key_drv.o
        44          6          0          4          0       1162   key_task.o
      2660         54      16314          0          0      21130   lcd_drv.o
      1608        358          0          4          0       2949   lcd_mid.o
       280         30          0          4          0       1671   lcd_task.o
        56         10          0          4          0       1146   led_task.o
      1486        100          0          0        776     695085   main.o
       276          8        512          0          0       2006   math_drv.o
       588         42          0          0          0       1001   motor_identify.o
       404         80          0          0        864       3325   motor_publicdata.o
      1836         96          0         10          0       1893   motor_sensorless.o
       832         36          0          0          0       1184   motor_sensoruse.o
       220         28          0          0          0       6451   motor_system.o
       872         22          0          0          0       2512   observer_drv.o
       140          0          0          0          0        918   pid_drv.o
        96          0          0          0          0        921   position_drv.o
       206          0          0          0          0       2077   sample_drv.o
       252          6          0          0          0       1525   speed_drv.o
        36          8        472          0       1024        860   startup_stm32g431xx.o
       162         24          0         12          0       4493   stm32g4xx_hal.o
      2938        144          0          0          0      84411   stm32g4xx_hal_adc.o
      1830         82          0          0          0      77713   stm32g4xx_hal_adc_ex.o
       198         14          0          0          0      33951   stm32g4xx_hal_cortex.o
       906         30          0          0          0       6786   stm32g4xx_hal_dma.o
       468         32          0          0          0       3644   stm32g4xx_hal_gpio.o
       884        104          0          0          0       5712   stm32g4xx_hal_msp.o
       204         18          0          0          0       1485   stm32g4xx_hal_pwr_ex.o
      1632         82          0          0          0       6608   stm32g4xx_hal_rcc.o
       668          8          0          0          0       2036   stm32g4xx_hal_rcc_ex.o
      1104         10          0          0          0       5962   stm32g4xx_hal_spi.o
      3006        264          0          0          0      22297   stm32g4xx_hal_tim.o
       326         32          0          0          0       6820   stm32g4xx_hal_tim_ex.o
      2498         96         24          0          0      34074   stm32g4xx_hal_uart.o
       288          6         16          0          0       5634   stm32g4xx_hal_uart_ex.o
        92         36          0          0          0       8011   stm32g4xx_it.o
        16          4         24          4          0       1199   system_stm32g4xx.o
       140         20          0          4         16       1723   usart_task.o

    ----------------------------------------------------------------------
     30648       2024      17396         56       2680    1070902   Object Totals
         0          0         32          0          0          0   (incl. Generated)
        46          0          2          0          0          0   (incl. Padding)

    ----------------------------------------------------------------------

      Code (inc. data)   RO Data    RW Data    ZI Data      Debug   Library Member Name

         0          0          0          0          0          0   entry.o
         0          0          0          0          0          0   entry10a.o
         0          0          0          0          0          0   entry11a.o
         8          4          0          0          0          0   entry2.o
         4          0          0          0          0          0   entry5.o
         0          0          0          0          0          0   entry7b.o
         0          0          0          0          0          0   entry8b.o
         8          4          0          0          0          0   entry9a.o
        30          0          0          0          0          0   handlers.o
        36          8          0          0          0         68   init.o
        30          0          0          0          0         68   llshl.o
        32          0          0          0          0         68   llushr.o
        36          0          0          0          0        108   memseta.o
        98          0          0          0          0         92   uldiv.o

    ----------------------------------------------------------------------
       284         16          0          0          0        404   Library Totals
         2          0          0          0          0          0   (incl. Padding)

    ----------------------------------------------------------------------

      Code (inc. data)   RO Data    RW Data    ZI Data      Debug   Library Name

       282         16          0          0          0        404   mc_w.l

    ----------------------------------------------------------------------
       284         16          0          0          0        404   Library Totals

    ----------------------------------------------------------------------

==============================================================================


      Code (inc. data)   RO Data    RW Data    ZI Data      Debug   

     30932       2040      17396         56       2680    1051506   Grand Totals
     30932       2040      17396         56       2680    1051506   ELF Image Totals
     30932       2040      17396         56          0          0   ROM Totals

==============================================================================

    Total RO  Size (Code + RO Data)                48328 (  47.20kB)
    Total RW  Size (RW Data + ZI Data)              2736 (   2.67kB)
    Total ROM Size (Code + RO Data + RW Data)      48384 (  47.25kB)

==============================================================================

